Component: ARM Compiler 5.06 update 6 (build 750) Tool: armlink [4d35ed]

==============================================================================

Section Cross References

    startup_stm32f429xx.o(RESET) refers to startup_stm32f429xx.o(STACK) for __initial_sp
    startup_stm32f429xx.o(RESET) refers to startup_stm32f429xx.o(.text) for Reset_Handler
    startup_stm32f429xx.o(RESET) refers to stm32f4xx_it.o(i.NMI_Handler) for NMI_Handler
    startup_stm32f429xx.o(RESET) refers to stm32f4xx_it.o(i.HardFault_Handler) for HardFault_Handler
    startup_stm32f429xx.o(RESET) refers to stm32f4xx_it.o(i.MemManage_Handler) for MemManage_Handler
    startup_stm32f429xx.o(RESET) refers to stm32f4xx_it.o(i.BusFault_Handler) for BusFault_Handler
    startup_stm32f429xx.o(RESET) refers to stm32f4xx_it.o(i.UsageFault_Handler) for UsageFault_Handler
    startup_stm32f429xx.o(RESET) refers to port.o(.emb_text) for SVC_Handler
    startup_stm32f429xx.o(RESET) refers to stm32f4xx_it.o(i.DebugMon_Handler) for DebugMon_Handler
    startup_stm32f429xx.o(RESET) refers to port.o(i.SysTick_Handler) for SysTick_Handler
    startup_stm32f429xx.o(RESET) refers to stm32f4xx_it.o(i.EXTI15_10_IRQHandler) for EXTI15_10_IRQHandler
    startup_stm32f429xx.o(RESET) refers to stm32f4xx_it.o(i.TIM7_IRQHandler) for TIM7_IRQHandler
    startup_stm32f429xx.o(RESET) refers to stm32f4xx_it.o(i.LTDC_IRQHandler) for LTDC_IRQHandler
    startup_stm32f429xx.o(RESET) refers to stm32f4xx_it.o(i.DMA2D_IRQHandler) for DMA2D_IRQHandler
    startup_stm32f429xx.o(.text) refers to system_stm32f4xx.o(i.SystemInit) for SystemInit
    startup_stm32f429xx.o(.text) refers to entry.o(.ARM.Collect$$$$00000000) for __main
    main.o(i.HAL_TIM_PeriodElapsedCallback) refers to stm32f4xx_hal.o(i.HAL_IncTick) for HAL_IncTick
    main.o(i.SystemClock_Config) refers to memseta.o(.text) for __aeabi_memclr4
    main.o(i.SystemClock_Config) refers to stm32f4xx_hal_rcc.o(i.HAL_RCC_OscConfig) for HAL_RCC_OscConfig
    main.o(i.SystemClock_Config) refers to stm32f4xx_hal_pwr_ex.o(i.HAL_PWREx_EnableOverDrive) for HAL_PWREx_EnableOverDrive
    main.o(i.SystemClock_Config) refers to stm32f4xx_hal_rcc.o(i.HAL_RCC_ClockConfig) for HAL_RCC_ClockConfig
    main.o(i.SystemClock_Config) refers to stm32f4xx_hal_rcc_ex.o(i.HAL_RCCEx_PeriphCLKConfig) for HAL_RCCEx_PeriphCLKConfig
    main.o(i.main) refers to stm32f4xx_hal.o(i.HAL_Init) for HAL_Init
    main.o(i.main) refers to main.o(i.SystemClock_Config) for SystemClock_Config
    main.o(i.main) refers to gpio.o(i.MX_GPIO_Init) for MX_GPIO_Init
    main.o(i.main) refers to crc.o(i.MX_CRC_Init) for MX_CRC_Init
    main.o(i.main) refers to usart.o(i.MX_USART1_UART_Init) for MX_USART1_UART_Init
    main.o(i.main) refers to boardconfiguration.o(i._Z16GRAPHICS_HW_Initv) for GRAPHICS_HW_Init()
    main.o(i.main) refers to boardconfiguration.o(i._Z13GRAPHICS_Initv) for GRAPHICS_Init()
    main.o(i.main) refers to freertos.o(i.MX_FREERTOS_Init) for MX_FREERTOS_Init
    main.o(i.main) refers to cmsis_os.o(i.osKernelStart) for osKernelStart
    main.o(.ARM.exidx) refers to main.o(i.Error_Handler) for i.Error_Handler
    main.o(.ARM.exidx) refers to main.o(i.SystemClock_Config) for i.SystemClock_Config
    main.o(.ARM.exidx) refers to main.o(i.main) for i.main
    main.o(.ARM.exidx) refers to main.o(i.HAL_TIM_PeriodElapsedCallback) for i.HAL_TIM_PeriodElapsedCallback
    gpio.o(i.MX_GPIO_Init) refers to memseta.o(.text) for __aeabi_memclr4
    gpio.o(i.MX_GPIO_Init) refers to stm32f4xx_hal_gpio.o(i.HAL_GPIO_WritePin) for HAL_GPIO_WritePin
    gpio.o(i.MX_GPIO_Init) refers to stm32f4xx_hal_gpio.o(i.HAL_GPIO_Init) for HAL_GPIO_Init
    gpio.o(i.MX_GPIO_Init) refers to stm32f4xx_hal_cortex.o(i.HAL_NVIC_SetPriority) for HAL_NVIC_SetPriority
    gpio.o(i.MX_GPIO_Init) refers to stm32f4xx_hal_cortex.o(i.HAL_NVIC_EnableIRQ) for HAL_NVIC_EnableIRQ
    crc.o(i.MX_CRC_Init) refers to stm32f4xx_hal_crc.o(i.HAL_CRC_Init) for HAL_CRC_Init
    crc.o(i.MX_CRC_Init) refers to main.o(i.Error_Handler) for Error_Handler
    crc.o(i.MX_CRC_Init) refers to crc.o(.data) for .data
    freertos.o(i.MX_FREERTOS_Init) refers to memcpya.o(.text) for __aeabi_memcpy4
    freertos.o(i.MX_FREERTOS_Init) refers to cmsis_os.o(i.osThreadCreate) for osThreadCreate
    freertos.o(i.MX_FREERTOS_Init) refers to freertos.o(.constdata) for .constdata
    freertos.o(i.MX_FREERTOS_Init) refers to freertos.o(.data) for .data
    freertos.o(i.StartDefaultTask) refers to boardconfiguration.o(i.GRAPHICS_MainTask) for GRAPHICS_MainTask
    freertos.o(i.StartDefaultTask) refers to cmsis_os.o(i.osDelay) for osDelay
    freertos.o(i.vApplicationGetIdleTaskMemory) refers to freertos.o(.bss) for .bss
    freertos.o(.constdata) refers to freertos.o(.conststring) for .conststring
    freertos.o(.constdata) refers to freertos.o(i.StartDefaultTask) for StartDefaultTask
    boardconfiguration.o(i.GRAPHICS_MainTask) refers to hal.o(.data) for touchgfx::HAL::instance
[...]
    vtable for Screen1ViewBase               0x08016528   Data          52  screen1viewbase.o(.constdata__ZTV15Screen1ViewBase)
    vtable for Screen1Presenter              0x0801655c   Data          40  screen1presenter.o(.constdata__ZTV16Screen1Presenter)
    vtable for FrontendApplication           0x08016584   Data          60  frontendapplication.o(.constdata__ZTV19FrontendApplication)
    vtable for ApplicationFontProvider       0x080165c0   Data          20  applicationfontprovider.o(.constdata__ZTV23ApplicationFontProvider)
    vtable for FrontendApplicationBase       0x080165d4   Data          60  boardconfiguration.o(.constdata__ZTV23FrontendApplicationBase)
    vtable for touchgfx::ClickEvent          0x08016610   Data          20  screen.o(.constdata__ZTVN8touchgfx10ClickEventE)
    vtable for touchgfx::Application         0x08016624   Data          60  application.o(.constdata__ZTVN8touchgfx11ApplicationE)
    vtable for touchgfx::CanvasWidget        0x08016660   Data         132  canvaswidget.o(.constdata__ZTVN8touchgfx12CanvasWidgetE)
    vtable for touchgfx::GestureEvent        0x080166e4   Data          20  screen.o(.constdata__ZTVN8touchgfx12GestureEventE)
    vtable for touchgfx::NoTransition        0x080166f8   Data          32  frontendapplicationbase.o(.constdata__ZTVN8touchgfx12NoTransitionE)
    vtable for touchgfx::GeneratedFont       0x08016718   Data          84  generatedfont.o(.constdata__ZTVN8touchgfx13GeneratedFontE)
    vtable for touchgfx::ScalableImage       0x0801676c   Data         128  scalableimage.o(.constdata__ZTVN8touchgfx13ScalableImageE)
    vtable for touchgfx::CircleProgress      0x080167ec   Data         252  circleprogress.o(.constdata__ZTVN8touchgfx14CircleProgressE)
    vtable for touchgfx::MVPApplication      0x080168e8   Data          60  frontendapplicationbase.o(.constdata__ZTVN8touchgfx14MVPApplicationE)
    vtable for touchgfx::AbstractPainter     0x08016924   Data          20  abstractpainter.o(.constdata__ZTVN8touchgfx15AbstractPainterE)
    vtable for touchgfx::AbstractPartition   0x08016938   Data          52  abstractpartition.o(.constdata__ZTVN8touchgfx17AbstractPartitionE)
    vtable for touchgfx::LockFreeDMA_Queue   0x0801696c   Data          36  dma.o(.constdata__ZTVN8touchgfx17LockFreeDMA_QueueE)
    vtable for touchgfx::PainterRGB565Bitmap 0x08016990   Data          32  painterrgb565bitmap.o(.constdata__ZTVN8touchgfx19PainterRGB565BitmapE)
    vtable for touchgfx::AbstractPainterRGB565 0x080169b0   Data          32  abstractpainterrgb565.o(.constdata__ZTVN8touchgfx21AbstractPainterRGB565E)
    vtable for touchgfx::STM32F4Instrumentation 0x080169d0   Data          40  stm32f4instrumentation.o(.constdata__ZTVN8touchgfx22STM32F4InstrumentationE)
    vtable for touchgfx::STM32F4TouchController 0x080169f8   Data          24  stm32f4touchcontroller.o(.constdata__ZTVN8touchgfx22STM32F4TouchControllerE)
    vtable for touchgfx::AbstractProgressIndicator 0x08016a10   Data         196  abstractprogressindicator.o(.constdata__ZTVN8touchgfx25AbstractProgressIndicatorE)
    vtable for touchgfx::HAL                 0x08016ad4   Data         192  hal.o(.constdata__ZTVN8touchgfx3HALE)
    vtable for touchgfx::Font                0x08016b94   Data          80  font.o(.constdata__ZTVN8touchgfx4FontE)
    vtable for touchgfx::Image               0x08016be4   Data         112  image.o(.constdata__ZTVN8touchgfx5ImageE)
    vtable for touchgfx::Button              0x08016c54   Data         116  button.o(.constdata__ZTVN8touchgfx6ButtonE)
    vtable for touchgfx::Canvas              0x08016cc8   Data          16  canvas.o(.constdata__ZTVN8touchgfx6CanvasE)
    vtable for touchgfx::Circle              0x08016cd8   Data         132  circle.o(.constdata__ZTVN8touchgfx6CircleE)
    vtable for touchgfx::Screen              0x08016d5c   Data          52  screen.o(.constdata__ZTVN8touchgfx6ScreenE)
    vtable for touchgfx::Outline             0x08016d90   Data          16  outline.o(.constdata__ZTVN8touchgfx7OutlineE)
    vtable for touchgfx::Callback<FrontendApplicationBase, void, void, void> 0x08016da0   Data          24  frontendapplicationbase.o(.constdata__ZTVN8touchgfx8CallbackI23FrontendApplicationBasevvvEE)
    vtable for touchgfx::LCD16bpp            0x08016db8   Data          76  lcd16bpp.o(.constdata__ZTVN8touchgfx8LCD16bppE)
    vtable for touchgfx::Scanline            0x08016e04   Data          16  scanline.o(.constdata__ZTVN8touchgfx8ScanlineE)
    vtable for touchgfx::ConstFont           0x08016e14   Data          84  constfont.o(.constdata__ZTVN8touchgfx9ConstFontE)
    vtable for touchgfx::Container           0x08016e68   Data         144  container.o(.constdata__ZTVN8touchgfx9ContainerE)
    vtable for touchgfx::DragEvent           0x08016ef8   Data          20  screen.o(.constdata__ZTVN8touchgfx9DragEventE)
    vtable for touchgfx::Partition<touchgfx::meta::TypeList<Screen1View, touchgfx::meta::TypeList<touchgfx::meta::Nil, touchgfx::meta::Nil>>, (unsigned short)1> 0x08016f0c   Data          52  boardconfiguration.o(.constdata__ZTVN8touchgfx9PartitionINS_4meta8TypeListI11Screen1ViewNS2_INS1_3NilES4_EEEELt1EEE)
    vtable for touchgfx::Partition<touchgfx::meta::TypeList<Screen1Presenter, touchgfx::meta::TypeList<touchgfx::meta::Nil, touchgfx::meta::Nil>>, (unsigned short)1> 0x08016f40   Data          52  boardconfiguration.o(.constdata__ZTVN8touchgfx9PartitionINS_4meta8TypeListI16Screen1PresenterNS2_INS1_3NilES4_EEEELt1EEE)
    vtable for touchgfx::Partition<touchgfx::meta::TypeList<touchgfx::NoTransition, touchgfx::meta::TypeList<touchgfx::meta::Nil, touchgfx::meta::Nil>>, (unsigned short)1> 0x08016f74   Data          52  boardconfiguration.o(.constdata__ZTVN8touchgfx9PartitionINS_4meta8TypeListINS_12NoTransitionENS2_INS1_3NilES4_EEEELt1EEE)
    touchgfx::CWRUtil::sine(int)::sineTable  0x08016fa8   Data         182  circle.o(.constdata__ZZN8touchgfx7CWRUtil4sineEiE9sineTable)
    _blue_backgrounds_main_bg_800x480px      0x0801706c   Data       768000  blue_backgrounds_main_bg_800x480px.o(ExtFlashSection)
    _blue_buttons_round_edge_small           0x080d286c   Data       40800  blue_buttons_round_edge_small.o(ExtFlashSection)
    _blue_buttons_round_edge_small_pressed   0x080dc7cc   Data       40800  blue_buttons_round_edge_small_pressed.o(ExtFlashSection)
    _blue_progressindicators_bg_medium_circle_indicator_bg_full 0x080e672c   Data       43264  blue_progressindicators_bg_medium_circle_indicator_bg_full.o(ExtFlashSection)
    _blue_progressindicators_fill_medium_circle_indicator_fill_full 0x080f102c   Data       43264  blue_progressindicators_fill_medium_circle_indicator_fill_full.o(ExtFlashSection)
    kerning_verdana_10_4bpp                  0x080fb92c   Data           4  kerning_verdana_10_4bpp.o(FontFlashSection)
    kerning_verdana_20_4bpp                  0x080fb930   Data           4  kerning_verdana_20_4bpp.o(FontFlashSection)
    kerning_verdana_40_4bpp                  0x080fb934   Data           4  kerning_verdana_40_4bpp.o(FontFlashSection)
    glyphs_verdana_10_4bpp                   0x080fb938   Data          14  table_verdana_10_4bpp.o(FontFlashSection)
    glyphs_verdana_20_4bpp                   0x080fb948   Data          14  table_verdana_20_4bpp.o(FontFlashSection)
    glyphs_verdana_40_4bpp                   0x080fb958   Data          14  table_verdana_40_4bpp.o(FontFlashSection)
    Region$$Table$$Base                      0x080fb968   Number         0  anon$$obj.o(Region$$Table)
    Region$$Table$$Limit                     0x080fb988   Number         0  anon$$obj.o(Region$$Table)
    texts_all_languages                      0x080fb988   Data           2  texts.o(TextFlashSection)
    typedText_database_DEFAULT               0x080fb98c   Data           2  typedtextdatabase.o(TextFlashSection)
    typedTextDatabaseArray                   0x080fb990   Data           4  typedtextdatabase.o(TextFlashSection)
    SHT$$INIT_ARRAY$$Base                    0x080fb994   Number         0  boardconfiguration.o(.init_array)
    SHT$$INIT_ARRAY$$Limit                   0x080fb99c   Number         0  cpp_init.o(.init_array)
    hcrc                                     0x20000000   Data           8  crc.o(.data)
    defaultTaskHandle                        0x20000008   Data           4  freertos.o(.data)
    tc                                       0x20000018   Data           4  boardconfiguration.o(.data)
    disableChromArt                          0x20000020   Data           1  stm32f4dma.o(.data)
    uwTickFreq                               0x20000030   Data           1  stm32f4xx_hal.o(.data)
    uwTickPrio                               0x20000034   Data           4  stm32f4xx_hal.o(.data)
    uwTick                                   0x20000038   Data           4  stm32f4xx_hal.o(.data)
    SystemCoreClock                          0x2000003c   Data           4  system_stm32f4xx.o(.data)
    pxCurrentTCB                             0x20000040   Data           4  tasks.o(.data)
    touchgfx::Texts::currentLanguage         0x200000b8   Data           2  texts.o(.data)
    touchgfx::TextProvider::unicodeConverterInitFunction 0x200000c8   Data           8  texts.o(.data)
    touchgfx::TextProvider::unicodeConverterFunction 0x200000d0   Data           8  texts.o(.data)
    touchgfx::LCD::drawStringFunction        0x200000d8   Data           8  texts.o(.data)
    touchgfx::Application::currentScreen     0x200000e4   Data           4  application.o(.data)
    touchgfx::Application::currentTransition 0x200000e8   Data           4  application.o(.data)
    touchgfx::Application::instance          0x200000ec   Data           4  application.o(.data)
    touchgfx::Application::debugPrinter      0x200000f0   Data           4  application.o(.data)
    touchgfx::Bitmap::nextAllocationIndex    0x200000f4   Data           2  bitmap.o(.data)
    touchgfx::Bitmap::numberOfBitmaps        0x200000f6   Data           2  bitmap.o(.data)
    touchgfx::Bitmap::numberOfDynamicBitmaps 0x200000f8   Data           2  bitmap.o(.data)
    touchgfx::Bitmap::uncachedCount          0x200000fa   Data           2  bitmap.o(.data)
    touchgfx::Bitmap::bitmaps                0x200000fc   Data           4  bitmap.o(.data)
    touchgfx::Bitmap::dynBitmaps             0x20000100   Data           4  bitmap.o(.data)
    touchgfx::Bitmap::cacheTable             0x20000104   Data           4  bitmap.o(.data)
    touchgfx::Bitmap::allocationTable        0x20000108   Data           4  bitmap.o(.data)
    touchgfx::Bitmap::nextFreeData           0x2000010c   Data           4  bitmap.o(.data)
    touchgfx::Bitmap::memoryRemaining        0x20000110   Data           4  bitmap.o(.data)
    touchgfx::Bitmap::totalMemory            0x20000114   Data           4  bitmap.o(.data)
    touchgfx::CanvasWidgetRenderer::memoryBuffer 0x20000118   Data           4  canvaswidgetrenderer.o(.data)
    touchgfx::CanvasWidgetRenderer::memoryBufferSize 0x2000011c   Data           4  canvaswidgetrenderer.o(.data)
    touchgfx::CanvasWidgetRenderer::scanlineWidth 0x20000120   Data           4  canvaswidgetrenderer.o(.data)
    touchgfx::CanvasWidgetRenderer::scanlineCovers 0x20000124   Data           4  canvaswidgetrenderer.o(.data)
    touchgfx::CanvasWidgetRenderer::scanlineStartIndices 0x20000128   Data           4  canvaswidgetrenderer.o(.data)
    touchgfx::CanvasWidgetRenderer::scanlineCounts 0x2000012c   Data           4  canvaswidgetrenderer.o(.data)
    touchgfx::CanvasWidgetRenderer::outlineBuffer 0x20000130   Data           4  canvaswidgetrenderer.o(.data)
    touchgfx::CanvasWidgetRenderer::outlineBufferSize 0x20000134   Data           4  canvaswidgetrenderer.o(.data)
    touchgfx::FontManager::provider          0x20000138   Data           4  fontmanager.o(.data)
    touchgfx::HAL::DISPLAY_ROTATION          0x2000013c   Data           1  hal.o(.data)
    touchgfx::HAL::USE_DOUBLE_BUFFERING      0x2000013d   Data           1  hal.o(.data)
    touchgfx::HAL::USE_ANIMATION_STORAGE     0x2000013e   Data           1  hal.o(.data)
    touchgfx::HAL::isDrawing                 0x2000013f   Data           1  hal.o(.data)
    touchgfx::HAL::DISPLAY_WIDTH             0x20000142   Data           2  hal.o(.data)
    touchgfx::HAL::DISPLAY_HEIGHT            0x20000144   Data           2  hal.o(.data)
    touchgfx::HAL::FRAME_BUFFER_WIDTH        0x20000146   Data           2  hal.o(.data)
    touchgfx::HAL::FRAME_BUFFER_HEIGHT       0x20000148   Data           2  hal.o(.data)
    touchgfx::HAL::instance                  0x2000014c   Data           4  hal.o(.data)
    touchgfx::TypedText::typedTexts          0x20000150   Data           4  typedtext.o(.data)
    touchgfx::TypedText::texts               0x20000154   Data           4  typedtext.o(.data)
    touchgfx::TypedText::fonts               0x20000158   Data           4  typedtext.o(.data)
    touchgfx::TypedText::numberOfTypedTexts  0x2000015c   Data           2  typedtext.o(.data)
    __microlib_freelist                      0x20000164   Data           4  mvars.o(.data)
    __microlib_freelist_initialised          0x20000168   Data           4  mvars.o(.data)
    guard variable for FrontendHeap::getInstance()::instance 0x2000016c   Data           4  boardconfiguration.o(.data__ZZN12FrontendHeap11getInstanceEvE8instance)
    guard variable for touchgfx::HAL& touchgfx::getHAL<STM32F4HAL>(touchgfx::DMA_Interface&, touchgfx::LCD&, touchgfx::TouchController&, short, short)::hal 0x20000170   Data           4  boardconfiguration.o(.data__ZZN8touchgfx6getHALI10STM32F4HALEERNS_3HALERNS_13DMA_InterfaceERNS_3LCDERNS_15TouchControllerEssE3hal)
    dma                                      0x200003cc   Data        3104  boardconfiguration.o(.bss)
    mcuInstr                                 0x20000fec   Data          16  boardconfiguration.o(.bss)
    hltdc                                    0x2000103c   Data         168  hw_init.o(.bss)
    hdma2d                                   0x200010e4   Data          64  hw_init.o(.bss)
    hsdram1                                  0x20001124   Data          52  hw_init.o(.bss)
    htim7                                    0x20001168   Data          64  stm32f4xx_hal_timebase_tim.o(.bss)
    huart1                                   0x200011a8   Data          64  usart.o(.bss)
    _fonts                                   0x20004f44   Data          12  typedtextdatabase.o(.bss)
    touchgfx::TouchCalibration::matrix       0x20004f50   Data          76  touchcalibration.o(.bss)
    FrontendHeap::getInstance()::instance    0x20004f9c   Data       12892  boardconfiguration.o(.bss__ZZN12FrontendHeap11getInstanceEvE8instance)
    touchgfx::HAL& touchgfx::getHAL<STM32F4HAL>(touchgfx::DMA_Interface&, touchgfx::LCD&, touchgfx::TouchController&, short, short)::hal 0x200081f8   Data         120  boardconfiguration.o(.bss__ZZN8touchgfx6getHALI10STM32F4HALEERNS_3HALERNS_13DMA_InterfaceERNS_3LCDERNS_15TouchControllerEssE3hal)
    __heap_base                              0x20008270   Data           0  startup_stm32f429xx.o(HEAP)
    __heap_limit                             0x20008470   Data           0  startup_stm32f429xx.o(HEAP)
    __initial_sp                             0x20008870   Data           0  startup_stm32f429xx.o(STACK)



==============================================================================

Memory Map of the image

  Image Entry point : 0x080001ad

  Load Region LR_IROM1 (Base: 0x08000000, Size: 0x000fbb10, Max: 0x00100000, ABSOLUTE, COMPRESSED[0x000fb9bc])

    Execution Region ER_IROM1 (Exec base: 0x08000000, Load base: 0x08000000, Size: 0x000fb99c, Max: 0x00100000, ABSOLUTE)

    Exec Addr    Load Addr    Size         Type   Attr      Idx    E Section Name        Object

    0x08000000   0x08000000   0x000001ac   Data   RO            3    RESET               startup_stm32f429xx.o
    0x080001ac   0x080001ac   0x00000000   Code   RO         9777  * .ARM.Collect$$$$00000000  mc_w.l(entry.o)
    0x080001ac   0x080001ac   0x00000004   Code   RO        10076    .ARM.Collect$$$$00000001  mc_w.l(entry2.o)
    0x080001b0   0x080001b0   0x00000004   Code   RO        10079    .ARM.Collect$$$$00000004  mc_w.l(entry5.o)
    0x080001b4   0x080001b4   0x00000000   Code   RO        10081    .ARM.Collect$$$$00000008  mc_w.l(entry7b.o)
    0x080001b4   0x080001b4   0x00000004   Code   RO        10082    .ARM.Collect$$$$00000009  mc_w.l(entry8a.o)
    0x080001b8   0x080001b8   0x00000000   Code   RO        10083    .ARM.Collect$$$$0000000A  mc_w.l(entry8b.o)
    0x080001b8   0x080001b8   0x00000008   Code   RO        10084    .ARM.Collect$$$$0000000B  mc_w.l(entry9a.o)
    0x080001c0   0x080001c0   0x00000000   Code   RO        10086    .ARM.Collect$$$$0000000D  mc_w.l(entry10a.o)
    0x080001c0   0x080001c0   0x00000004   Code   RO        10087    .ARM.Collect$$$$0000000E  mc_w.l(entry10b.o)
    0x080001c4   0x080001c4   0x00000000   Code   RO        10088    .ARM.Collect$$$$0000000F  mc_w.l(entry11a.o)
    0x080001c4   0x080001c4   0x00000004   Code   RO        10077    .ARM.Collect$$$$00002712  mc_w.l(entry2.o)
    0x080001c8   0x080001c8   0x000000be   Code   RO         7044    .emb_text           port.o
    0x08000286   0x08000286   0x00000002   PAD
    0x08000288   0x08000288   0x00000024   Code   RO            4    .text               startup_stm32f429xx.o
    0x080002ac   0x080002ac   0x000000c8   Code   RO         9034    .text               touchgfx_core.lib(abstractpartition.o)
    0x08000374   0x08000374   0x00003d54   Code   RO         9042    .text               touchgfx_core.lib(lcd16bpp.o)
    0x080040c8   0x080040c8   0x00000024   Code   RO         9083    .text               touchgfx_core.lib(abstractpainter.o)
    0x080040ec   0x080040ec   0x00000294   Code   RO         9090    .text               touchgfx_core.lib(abstractprogressindicator.o)
    0x08004380   0x08004380   0x00000d10   Code   RO         9140    .text               touchgfx_core.lib(application.o)
    0x08005090   0x08005090   0x00000f18   Code   RO         9163    .text               touchgfx_core.lib(bitmap.o)
    0x08005fa8   0x08005fa8   0x000001b8   Code   RO         9168    .text               touchgfx_core.lib(button.o)
    0x08006160   0x08006160   0x000000cc   Code   RO         9194    .text               touchgfx_core.lib(canvaswidgetrenderer.o)
    0x0800622c   0x0800622c   0x00000238   Code   RO         9198    .text               touchgfx_core.lib(circleprogress.o)
    0x08006464   0x08006464   0x00000154   Code   RO         9209    .text               touchgfx_core.lib(constfont.o)
    0x080065b8   0x080065b8   0x00000472   Code   RO         9248    .text               touchgfx_core.lib(container.o)
    0x08006a2a   0x08006a2a   0x00000002   PAD
    0x08006a2c   0x08006a2c   0x0000020c   Code   RO         9262    .text               touchgfx_core.lib(dma.o)
    0x08006c38   0x08006c38   0x0000001c   Code   RO         9316    .text               touchgfx_core.lib(fontmanager.o)
    0x08006c54   0x08006c54   0x00000ca4   Code   RO         9321    .text               touchgfx_core.lib(hal.o)
    0x080078f8   0x080078f8   0x00001b70   Code   RO         9370    .text               touchgfx_core.lib(lcd.o)
    0x08009468   0x08009468   0x00000874   Code   RO         9382    .text               touchgfx_core.lib(painterrgb565bitmap.o)
    0x08009cdc   0x08009cdc   0x00000540   Code   RO         9396    .text               touchgfx_core.lib(scalableimage.o)
    0x0800a21c   0x0800a21c   0x000007b4   Code   RO         9415    .text               touchgfx_core.lib(screen.o)
    0x0800a9d0   0x0800a9d0   0x00000174   Code   RO         9498    .text               touchgfx_core.lib(utils.o)
    0x0800ab44   0x0800ab44   0x0000005c   Code   RO         9501    .text               touchgfx_core.lib(abstractbutton.o)
    0x0800aba0   0x0800aba0   0x00000144   Code   RO         9518    .text               touchgfx_core.lib(abstractpainterrgb565.o)
    0x0800ace4   0x0800ace4   0x000001e0   Code   RO         9535    .text               touchgfx_core.lib(canvaswidget.o)
    0x0800aec4   0x0800aec4   0x00000b36   Code   RO         9552    .text               touchgfx_core.lib(circle.o)
    0x0800b9fa   0x0800b9fa   0x00000002   PAD
    0x0800b9fc   0x0800b9fc   0x00000188   Code   RO         9569    .text               touchgfx_core.lib(displaytransformation.o)
    0x0800bb84   0x0800bb84   0x000002bc   Code   RO         9572    .text               touchgfx_core.lib(drawable.o)
    0x0800be40   0x0800be40   0x0000015c   Code   RO         9589    .text               touchgfx_core.lib(gestures.o)
    0x0800bf9c   0x0800bf9c   0x00000198   Code   RO         9593    .text               touchgfx_core.lib(image.o)
    0x0800c134   0x0800c134   0x000000a4   Code   RO         9610    .text               touchgfx_core.lib(stm32_crc_lock.o)
    0x0800c1d8   0x0800c1d8   0x00001550   Code   RO         9613    .text               touchgfx_core.lib(textprovider.o)
    0x0800d728   0x0800d728   0x00000584   Code   RO         9618    .text               touchgfx_core.lib(texturemaptypes.o)
    0x0800dcac   0x0800dcac   0x000002ec   Code   RO         9621    .text               touchgfx_core.lib(touchcalibration.o)
    0x0800df98   0x0800df98   0x000009ec   Code   RO         9625    .text               touchgfx_core.lib(canvas.o)
    0x0800e984   0x0800e984   0x000011b2   Code   RO         9633    .text               touchgfx_core.lib(outline.o)
    0x0800fb36   0x0800fb36   0x0000003c   Code   RO         9640    .text               touchgfx_core.lib(renderingbuffer.o)
    0x0800fb72   0x0800fb72   0x00000002   PAD
    0x0800fb74   0x0800fb74   0x000000e8   Code   RO         9643    .text               touchgfx_core.lib(scanline.o)
    0x0800fc5c   0x0800fc5c   0x00000062   Code   RO         9780    .text               mc_w.l(uldiv.o)
    0x0800fcbe   0x0800fcbe   0x00000024   Code   RO         9784    .text               mc_w.l(memcpya.o)
    0x0800fce2   0x0800fce2   0x00000024   Code   RO         9788    .text               mc_w.l(memseta.o)
    0x0800fd06   0x0800fd06   0x00000002   PAD
    0x0800fd08   0x0800fd08   0x00000020   Code   RO        10056    .text               mc_w.l(cpp_init.o)
    0x0800fd28   0x0800fd28   0x0000002e   Code   RO        10058    .text               mc_w.l(aeabi_atexit.o)
    0x0800fd56   0x0800fd56   0x0000001e   Code   RO        10093    .text               mc_w.l(llshl.o)
    0x0800fd74   0x0800fd74   0x00000020   Code   RO        10095    .text               mc_w.l(llushr.o)
    0x0800fd94   0x0800fd94   0x00000008   Code   RO        10126    .text               mc_w.l(cpp_dtor.o)
    0x0800fd9c   0x0800fd9c   0x00000002   Code   RO        10129    .text               mc_w.l(cpp_signal.o)
    0x0800fd9e   0x0800fd9e   0x00000042   Code   RO        10131    .text               mc_w.l(cxa_finalize.o)
    0x0800fde0   0x0800fde0   0x00000024   Code   RO        10159    .text               mc_w.l(init.o)
    0x0800fe04   0x0800fe04   0x00000002   Code   RO        10165    .text               mc_w.l(cpp_final.o)
    0x0800fe06   0x0800fe06   0x0000003a   Code   RO        10191    .text               mc_w.l(__dczerorl.o)
    0x0800fe40   0x0800fe40   0x00000002   Code   RO         2342    i.BusFault_Handler  stm32f4xx_it.o
    0x0800fe42   0x0800fe42   0x00000002   PAD
    0x0800fe44   0x0800fe44   0x0000000c   Code   RO         2343    i.DMA2D_IRQHandler  stm32f4xx_it.o
    0x0800fe50   0x0800fe50   0x00000096   Code   RO         2451    i.DMA2D_SetConfig   stm32f4xx_hal_dma2d.o
    0x0800fee6   0x0800fee6   0x00000002   Code   RO         2344    i.DebugMon_Handler  stm32f4xx_it.o
    0x0800fee8   0x0800fee8   0x00000008   Code   RO         2345    i.EXTI15_10_IRQHandler  stm32f4xx_it.o
    0x0800fef0   0x0800fef0   0x00000002   Code   RO           13    i.Error_Handler     main.o
    0x0800fef2   0x0800fef2   0x00000050   Code   RO         3879    i.FMC_SDRAM_Init    stm32f4xx_ll_fmc.o
    0x0800ff42   0x0800ff42   0x0000000c   Code   RO         3880    i.FMC_SDRAM_ProgramRefreshRate  stm32f4xx_ll_fmc.o
    0x0800ff4e   0x0800ff4e   0x00000048   Code   RO         3881    i.FMC_SDRAM_SendCommand  stm32f4xx_ll_fmc.o
    0x0800ff96   0x0800ff96   0x00000002   PAD
    0x0800ff98   0x0800ff98   0x00000080   Code   RO         3883    i.FMC_SDRAM_Timing_Init  stm32f4xx_ll_fmc.o
    0x08010018   0x08010018   0x00000010   Code   RO          501    i.GRAPHICS_MainTask  boardconfiguration.o
    0x08010028   0x08010028   0x00000026   Code   RO         5420    i.HAL_CRC_Init      stm32f4xx_hal_crc.o
    0x0801004e   0x0801004e   0x00000002   PAD
    0x08010050   0x08010050   0x00000028   Code   RO          371    i.HAL_CRC_MspInit   crc.o
    0x08010078   0x08010078   0x00000060   Code   RO         2452    i.HAL_DMA2D_Abort   stm32f4xx_hal_dma2d.o
    0x080100d8   0x080100d8   0x00000048   Code   RO         2454    i.HAL_DMA2D_BlendingStart_IT  stm32f4xx_hal_dma2d.o
    0x08010120   0x08010120   0x00000002   Code   RO         2457    i.HAL_DMA2D_CLUTLoadingCpltCallback  stm32f4xx_hal_dma2d.o
    0x08010122   0x08010122   0x00000002   PAD
    0x08010124   0x08010124   0x0000006a   Code   RO         2458    i.HAL_DMA2D_CLUTLoading_Abort  stm32f4xx_hal_dma2d.o
    0x0801018e   0x0801018e   0x00000002   PAD
    0x08010190   0x08010190   0x000000a4   Code   RO         2463    i.HAL_DMA2D_ConfigLayer  stm32f4xx_hal_dma2d.o
    0x08010234   0x08010234   0x00000078   Code   RO         2464    i.HAL_DMA2D_DeInit  stm32f4xx_hal_dma2d.o
    0x080102ac   0x080102ac   0x0000011e   Code   RO         2470    i.HAL_DMA2D_IRQHandler  stm32f4xx_hal_dma2d.o
    0x080103ca   0x080103ca   0x0000005a   Code   RO         2471    i.HAL_DMA2D_Init    stm32f4xx_hal_dma2d.o
    0x08010424   0x08010424   0x00000002   Code   RO         2472    i.HAL_DMA2D_LineEventCallback  stm32f4xx_hal_dma2d.o
    0x08010426   0x08010426   0x00000002   PAD
    0x08010428   0x08010428   0x00000024   Code   RO         2093    i.HAL_DMA2D_MspDeInit  hw_init.o
    0x0801044c   0x0801044c   0x0000003c   Code   RO         2094    i.HAL_DMA2D_MspInit  hw_init.o
    0x08010488   0x08010488   0x0000003e   Code   RO         2479    i.HAL_DMA2D_Start_IT  stm32f4xx_hal_dma2d.o
    0x080104c6   0x080104c6   0x00000002   PAD
    0x080104c8   0x080104c8   0x00000024   Code   RO         3599    i.HAL_Delay         stm32f4xx_hal.o
    0x080104ec   0x080104ec   0x00000174   Code   RO         3052    i.HAL_GPIO_DeInit   stm32f4xx_hal_gpio.o
    0x08010660   0x08010660   0x00000002   Code   RO         3053    i.HAL_GPIO_EXTI_Callback  stm32f4xx_hal_gpio.o
    0x08010662   0x08010662   0x00000002   PAD
    0x08010664   0x08010664   0x00000018   Code   RO         3054    i.HAL_GPIO_EXTI_IRQHandler  stm32f4xx_hal_gpio.o
    0x0801067c   0x0801067c   0x000001cc   Code   RO         3055    i.HAL_GPIO_Init     stm32f4xx_hal_gpio.o
    0x08010848   0x08010848   0x0000000a   Code   RO         3059    i.HAL_GPIO_WritePin  stm32f4xx_hal_gpio.o
    0x08010852   0x08010852   0x00000002   PAD
    0x08010854   0x08010854   0x0000000c   Code   RO         3607    i.HAL_GetTick       stm32f4xx_hal.o
    0x08010860   0x08010860   0x00000010   Code   RO         3613    i.HAL_IncTick       stm32f4xx_hal.o
    0x08010870   0x08010870   0x00000034   Code   RO         3614    i.HAL_Init          stm32f4xx_hal.o
    0x080108a4   0x080108a4   0x00000074   Code   RO         2218    i.HAL_InitTick      stm32f4xx_hal_timebase_tim.o
    0x08010918   0x08010918   0x00000052   Code   RO         4198    i.HAL_LTDC_ConfigLayer  stm32f4xx_hal_ltdc.o
    0x0801096a   0x0801096a   0x00000018   Code   RO         4200    i.HAL_LTDC_DeInit   stm32f4xx_hal_ltdc.o
    0x08010982   0x08010982   0x00000002   Code   RO         4211    i.HAL_LTDC_ErrorCallback  stm32f4xx_hal_ltdc.o
    0x08010984   0x08010984   0x000000ca   Code   RO         4214    i.HAL_LTDC_IRQHandler  stm32f4xx_hal_ltdc.o
    0x08010a4e   0x08010a4e   0x00000002   PAD
    0x08010a50   0x08010a50   0x000000f4   Code   RO         4215    i.HAL_LTDC_Init     stm32f4xx_hal_ltdc.o
    0x08010b44   0x08010b44   0x00000058   Code   RO         1530    i.HAL_LTDC_LineEventCallback  stm32f4hal.o
    0x08010b9c   0x08010b9c   0x000000a0   Code   RO         2095    i.HAL_LTDC_MspDeInit  hw_init.o
    0x08010c3c   0x08010c3c   0x000001dc   Code   RO         2096    i.HAL_LTDC_MspInit  hw_init.o
    0x08010e18   0x08010e18   0x00000044   Code   RO         4219    i.HAL_LTDC_ProgramLineEvent  stm32f4xx_hal_ltdc.o
    0x08010e5c   0x08010e5c   0x00000002   Code   RO         4221    i.HAL_LTDC_ReloadEventCallback  stm32f4xx_hal_ltdc.o
    0x08010e5e   0x08010e5e   0x00000002   PAD
    0x08010e60   0x08010e60   0x00000090   Code   RO         4226    i.HAL_LTDC_SetPitch  stm32f4xx_hal_ltdc.o
    0x08010ef0   0x08010ef0   0x00000038   Code   RO         2427    i.HAL_MspInit       stm32f4xx_hal_msp.o
    0x08010f28   0x08010f28   0x00000022   Code   RO         3461    i.HAL_NVIC_DisableIRQ  stm32f4xx_hal_cortex.o
    0x08010f4a   0x08010f4a   0x0000001a   Code   RO         3462    i.HAL_NVIC_EnableIRQ  stm32f4xx_hal_cortex.o
    0x08010f64   0x08010f64   0x00000040   Code   RO         3468    i.HAL_NVIC_SetPriority  stm32f4xx_hal_cortex.o
    0x08010fa4   0x08010fa4   0x00000024   Code   RO         3469    i.HAL_NVIC_SetPriorityGrouping  stm32f4xx_hal_cortex.o
    0x08010fc8   0x08010fc8   0x00000070   Code   RO         3391    i.HAL_PWREx_EnableOverDrive  stm32f4xx_hal_pwr_ex.o
    0x08011038   0x08011038   0x00000234   Code   RO         2756    i.HAL_RCCEx_PeriphCLKConfig  stm32f4xx_hal_rcc_ex.o
    0x0801126c   0x0801126c   0x00000130   Code   RO         2649    i.HAL_RCC_ClockConfig  stm32f4xx_hal_rcc.o
    0x0801139c   0x0801139c   0x00000040   Code   RO         2653    i.HAL_RCC_GetClockConfig  stm32f4xx_hal_rcc.o
    0x080113dc   0x080113dc   0x0000000c   Code   RO         2654    i.HAL_RCC_GetHCLKFreq  stm32f4xx_hal_rcc.o
    0x080113e8   0x080113e8   0x00000020   Code   RO         2656    i.HAL_RCC_GetPCLK1Freq  stm32f4xx_hal_rcc.o
    0x08011408   0x08011408   0x00000020   Code   RO         2657    i.HAL_RCC_GetPCLK2Freq  stm32f4xx_hal_rcc.o
    0x08011428   0x08011428   0x00000064   Code   RO         2658    i.HAL_RCC_GetSysClockFreq  stm32f4xx_hal_rcc.o
    0x0801148c   0x0801148c   0x0000031c   Code   RO         2661    i.HAL_RCC_OscConfig  stm32f4xx_hal_rcc.o
    0x080117a8   0x080117a8   0x00000042   Code   RO         4045    i.HAL_SDRAM_Init    stm32f4xx_hal_sdram.o
    0x080117ea   0x080117ea   0x00000004   Code   RO         2098    i.HAL_SDRAM_MspInit  hw_init.o
    0x080117ee   0x080117ee   0x00000022   Code   RO         4048    i.HAL_SDRAM_ProgramRefreshRate  stm32f4xx_hal_sdram.o
    0x08011810   0x08011810   0x00000030   Code   RO         4054    i.HAL_SDRAM_SendCommand  stm32f4xx_hal_sdram.o
    0x08011840   0x08011840   0x00000002   Code   RO         5165    i.HAL_TIMEx_BreakCallback  stm32f4xx_hal_tim_ex.o
    0x08011842   0x08011842   0x00000002   Code   RO         5166    i.HAL_TIMEx_CommutCallback  stm32f4xx_hal_tim_ex.o
    0x08011844   0x08011844   0x00000042   Code   RO         5183    i.HAL_TIMEx_MasterConfigSynchronization  stm32f4xx_hal_tim_ex.o
    0x08011886   0x08011886   0x00000036   Code   RO         4490    i.HAL_TIM_Base_Init  stm32f4xx_hal_tim.o
    0x080118bc   0x080118bc   0x00000028   Code   RO         2258    i.HAL_TIM_Base_MspInit  tim.o
    0x080118e4   0x080118e4   0x00000024   Code   RO         4493    i.HAL_TIM_Base_Start  stm32f4xx_hal_tim.o
    0x08011908   0x08011908   0x00000022   Code   RO         4495    i.HAL_TIM_Base_Start_IT  stm32f4xx_hal_tim.o
    0x0801192a   0x0801192a   0x000000d6   Code   RO         4499    i.HAL_TIM_ConfigClockSource  stm32f4xx_hal_tim.o
    0x08011a00   0x08011a00   0x00000002   Code   RO         4519    i.HAL_TIM_IC_CaptureCallback  stm32f4xx_hal_tim.o
    0x08011a02   0x08011a02   0x00000166   Code   RO         4533    i.HAL_TIM_IRQHandler  stm32f4xx_hal_tim.o
    0x08011b68   0x08011b68   0x00000002   Code   RO         4536    i.HAL_TIM_OC_DelayElapsedCallback  stm32f4xx_hal_tim.o
    0x08011b6a   0x08011b6a   0x00000002   Code   RO         4563    i.HAL_TIM_PWM_PulseFinishedCallback  stm32f4xx_hal_tim.o
    0x08011b6c   0x08011b6c   0x00000014   Code   RO           14    i.HAL_TIM_PeriodElapsedCallback  main.o
    0x08011b80   0x08011b80   0x00000002   Code   RO         4576    i.HAL_TIM_TriggerCallback  stm32f4xx_hal_tim.o
    0x08011b82   0x08011b82   0x00000062   Code   RO         5501    i.HAL_UART_Init     stm32f4xx_hal_uart.o
    0x08011be4   0x08011be4   0x0000006c   Code   RO         2291    i.HAL_UART_MspInit  usart.o
    0x08011c50   0x08011c50   0x00000002   Code   RO         2346    i.HardFault_Handler  stm32f4xx_it.o
    0x08011c52   0x08011c52   0x00000002   PAD
    0x08011c54   0x08011c54   0x0000000c   Code   RO         2347    i.LTDC_IRQHandler   stm32f4xx_it.o
    0x08011c60   0x08011c60   0x00000162   Code   RO         4234    i.LTDC_SetConfig    stm32f4xx_hal_ltdc.o
    0x08011dc2   0x08011dc2   0x00000002   PAD
    0x08011dc4   0x08011dc4   0x00000024   Code   RO          372    i.MX_CRC_Init       crc.o
    0x08011de8   0x08011de8   0x00000028   Code   RO          412    i.MX_FREERTOS_Init  freertos.o
    0x08011e10   0x08011e10   0x00000120   Code   RO          229    i.MX_GPIO_Init      gpio.o
    0x08011f30   0x08011f30   0x00000038   Code   RO         2292    i.MX_USART1_UART_Init  usart.o
    0x08011f68   0x08011f68   0x00000002   Code   RO         2348    i.MemManage_Handler  stm32f4xx_it.o
    0x08011f6a   0x08011f6a   0x00000002   Code   RO         2349    i.NMI_Handler       stm32f4xx_it.o
    0x08011f6c   0x08011f6c   0x0000000c   Code   RO          413    i.StartDefaultTask  freertos.o
    0x08011f78   0x08011f78   0x0000002c   Code   RO         7045    i.SysTick_Handler   port.o
    0x08011fa4   0x08011fa4   0x000000a0   Code   RO           15    i.SystemClock_Config  main.o
    0x08012044   0x08012044   0x00000054   Code   RO         5803    i.SystemInit        system_stm32f4xx.o
    0x08012098   0x08012098   0x0000000c   Code   RO         2350    i.TIM7_IRQHandler   stm32f4xx_it.o
    0x080120a4   0x080120a4   0x000000c8   Code   RO         4578    i.TIM_Base_SetConfig  stm32f4xx_hal_tim.o
    0x0801216c   0x0801216c   0x00000014   Code   RO         4589    i.TIM_ETR_SetConfig  stm32f4xx_hal_tim.o
    0x08012180   0x08012180   0x00000010   Code   RO         4590    i.TIM_ITRx_SetConfig  stm32f4xx_hal_tim.o
    0x08012190   0x08012190   0x00000022   Code   RO         4596    i.TIM_TI1_ConfigInputStage  stm32f4xx_hal_tim.o
    0x080121b2   0x080121b2   0x00000024   Code   RO         4598    i.TIM_TI2_ConfigInputStage  stm32f4xx_hal_tim.o
    0x080121d6   0x080121d6   0x00000002   PAD
    0x080121d8   0x080121d8   0x000002ac   Code   RO         5527    i.UART_SetConfig    stm32f4xx_hal_uart.o
    0x08012484   0x08012484   0x00000002   Code   RO         2351    i.UsageFault_Handler  stm32f4xx_it.o
    0x08012486   0x08012486   0x00000002   PAD
    0x08012488   0x08012488   0x0000006c   Code   RO         2099    i._Z11MX_FMC_Initv  hw_init.o
    0x080124f4   0x080124f4   0x000000b4   Code   RO         2100    i._Z11MX_LCD_Initv  hw_init.o
    0x080125a8   0x080125a8   0x00000004   Code   RO          504    i._Z13GRAPHICS_Initv  boardconfiguration.o
    0x080125ac   0x080125ac   0x000000dc   Code   RO         2102    i._Z15HAL_FMC_MspInitv  hw_init.o
    0x08012688   0x08012688   0x00000088   Code   RO         2103    i._Z15MX_SDRAM_InitExv  hw_init.o
    0x08012710   0x08012710   0x00000016   Code   RO          505    i._Z16GRAPHICS_HW_Initv  boardconfiguration.o
    0x08012726   0x08012726   0x0000001a   Code   RO         1531    i._Z16__NVIC_EnableIRQ9IRQn_Type  stm32f4hal.o
    0x08012740   0x08012740   0x0000002a   Code   RO         1254    i._Z17HAL_DMA2D_SetModeP21__DMA2D_HandleTypeDefjjj  stm32f4dma.o
    0x0801276a   0x0801276a   0x00000022   Code   RO         1532    i._Z17__NVIC_DisableIRQ9IRQn_Type  stm32f4hal.o
    0x0801278c   0x0801278c   0x00000020   Code   RO         1533    i._Z18__NVIC_SetPriority9IRQn_Typej  stm32f4hal.o
    0x080127ac   0x080127ac   0x00000010   Code   RO         1255    i._Z22DMA2D_XferCpltCallbackP21__DMA2D_HandleTypeDef  stm32f4dma.o
    0x080127bc   0x080127bc   0x00000002   Code   RO         1256    i._Z23DMA2D_XferErrorCallbackP21__DMA2D_HandleTypeDef  stm32f4dma.o
    0x080127be   0x080127be   0x00000002   PAD
    0x080127c0   0x080127c0   0x00000070   Code   RO         8680    i._Z23getFont_verdana_10_4bppv  table_verdana_10_4bpp.o
    0x08012830   0x08012830   0x00000070   Code   RO         8700    i._Z23getFont_verdana_20_4bppv  table_verdana_20_4bpp.o
    0x080128a0   0x080128a0   0x00000070   Code   RO         8720    i._Z23getFont_verdana_40_4bppv  table_verdana_40_4bpp.o
    0x08012910   0x08012910   0x00000038   Code   RO         1257    i._ZN10STM32F4DMA10initializeEv  stm32f4dma.o
    0x08012948   0x08012948   0x00000014   Code   RO         1258    i._ZN10STM32F4DMA11getBlitCapsEv  stm32f4dma.o
    0x0801295c   0x0801295c   0x00000188   Code   RO         1259    i._ZN10STM32F4DMA13setupDataCopyERKN8touchgfx6BlitOpE  stm32f4dma.o
    0x08012ae4   0x08012ae4   0x00000138   Code   RO         1260    i._ZN10STM32F4DMA13setupDataFillERKN8touchgfx6BlitOpE  stm32f4dma.o
    0x08012c1c   0x08012c1c   0x00000006   Code   RO         1340    i._ZN10STM32F4DMA18signalDMAInterruptEv  stm32f4dma.o
    0x08012c22   0x08012c22   0x00000002   PAD
    0x08012c24   0x08012c24   0x00000038   Code   RO         1261    i._ZN10STM32F4DMAC1Ev  stm32f4dma.o
    0x08012c5c   0x08012c5c   0x00000030   Code   RO         1263    i._ZN10STM32F4DMAD1Ev  stm32f4dma.o
    0x08012c8c   0x08012c8c   0x00000018   Code   RO         1534    i._ZN10STM32F4HAL16enableInterruptsEv  stm32f4hal.o
    0x08012ca4   0x08012ca4   0x00000018   Code   RO         1535    i._ZN10STM32F4HAL17disableInterruptsEv  stm32f4hal.o
    0x08012cbc   0x08012cbc   0x00000024   Code   RO         1536    i._ZN10STM32F4HAL17getTFTCurrentLineEv  stm32f4hal.o
    0x08012ce0   0x08012ce0   0x00000014   Code   RO         1537    i._ZN10STM32F4HAL17setTFTFrameBufferEPt  stm32f4hal.o
    0x08012cf4   0x08012cf4   0x00000016   Code   RO         1538    i._ZN10STM32F4HAL19configureInterruptsEv  stm32f4hal.o
    0x08012d0a   0x08012d0a   0x00000002   PAD
    0x08012d0c   0x08012d0c   0x00000040   Code   RO         1539    i._ZN10STM32F4HAL28enableLCDControllerInterruptEv  stm32f4hal.o
    0x08012d4c   0x08012d4c   0x00000002   Code   RO          586    i._ZN10STM32F4HALD1Ev  boardconfiguration.o
    0x08012d4e   0x08012d4e   0x00000004   Code   RO         7595    i._ZN11Screen1View11setupScreenEv  screen1view.o
    0x08012d52   0x08012d52   0x00000002   Code   RO         7596    i._ZN11Screen1View14tearDownScreenEv  screen1view.o
    0x08012d54   0x08012d54   0x00000010   Code   RO         7597    i._ZN11Screen1ViewC1Ev  screen1view.o
    0x08012d64   0x08012d64   0x0000002c   Code   RO         7618    i._ZN11Screen1ViewD1Ev  screen1view.o
    0x08012d90   0x08012d90   0x0000007c   Code   RO          580    i._ZN12FrontendHeapC1Ev  boardconfiguration.o
    0x08012e0c   0x08012e0c   0x00000030   Code   RO          564    i._ZN12FrontendHeapD1Ev  boardconfiguration.o
    0x08012e3c   0x08012e3c   0x00000008   Code   RO         7793    i._ZN14BitmapDatabase11getInstanceEv  bitmapdatabase.o
    0x08012e44   0x08012e44   0x00000004   Code   RO         7794    i._ZN14BitmapDatabase15getInstanceSizeEv  bitmapdatabase.o
    0x08012e48   0x08012e48   0x00000002   Code   RO         8454    i._ZN15Screen1ViewBase11setupScreenEv  screen1viewbase.o
    0x08012e4a   0x08012e4a   0x00000002   PAD
    0x08012e4c   0x08012e4c   0x00000170   Code   RO         8455    i._ZN15Screen1ViewBaseC1Ev  screen1viewbase.o
    0x08012fbc   0x08012fbc   0x00000028   Code   RO         8477    i._ZN15Screen1ViewBaseD1Ev  screen1viewbase.o
    0x08012fe4   0x08012fe4   0x00000002   Code   RO         7401    i._ZN16Screen1Presenter10deactivateEv  screen1presenter.o
    0x08012fe6   0x08012fe6   0x00000002   Code   RO         7402    i._ZN16Screen1Presenter8activateEv  screen1presenter.o
    0x08012fe8   0x08012fe8   0x00000014   Code   RO         7403    i._ZN16Screen1PresenterC1ER11Screen1View  screen1presenter.o
    0x08012ffc   0x08012ffc   0x00000002   Code   RO         7424    i._ZN16Screen1PresenterD1Ev  screen1presenter.o
    0x08012ffe   0x08012ffe   0x00000004   Code   RO         8848    i._ZN17TypedTextDatabase15getInstanceSizeEv  typedtextdatabase.o
    0x08013002   0x08013002   0x00000002   PAD
    0x08013004   0x08013004   0x00000008   Code   RO         8850    i._ZN17TypedTextDatabase8getFontsEv  typedtextdatabase.o
    0x0801300c   0x0801300c   0x00000016   Code   RO         7256    i._ZN19FrontendApplication15handleTickEventEv  frontendapplication.o
    0x08013022   0x08013022   0x00000002   PAD
    0x08013024   0x08013024   0x00000010   Code   RO         7234    i._ZN19FrontendApplicationC1ER5ModelR12FrontendHeap  frontendapplication.o
    0x08013034   0x08013034   0x00000028   Code   RO         7742    i._ZN23ApplicationFontProvider7getFontEt  applicationfontprovider.o
    0x0801305c   0x0801305c   0x00000002   Code   RO          595    i._ZN23ApplicationFontProviderD1Ev  boardconfiguration.o
    0x0801305e   0x0801305e   0x00000002   PAD
    0x08013060   0x08013060   0x0000001c   Code   RO         8139    i._ZN23FrontendApplicationBase29gotoScreen1ScreenNoTransitionEv  frontendapplicationbase.o
    0x0801307c   0x0801307c   0x00000024   Code   RO         8140    i._ZN23FrontendApplicationBase33gotoScreen1ScreenNoTransitionImplEv  frontendapplicationbase.o
    0x080130a0   0x080130a0   0x00000060   Code   RO         8141    i._ZN23FrontendApplicationBaseC1ER5ModelR12FrontendHeap  frontendapplicationbase.o
    0x08013100   0x08013100   0x0000000c   Code   RO          574    i._ZN23FrontendApplicationBaseD1Ev  boardconfiguration.o
    0x0801310c   0x0801310c   0x00000002   Code   RO         7383    i._ZN5Model4tickEv  model.o
    0x0801310e   0x0801310e   0x00000006   Code   RO         7384    i._ZN5ModelC1Ev     model.o
    0x08013114   0x08013114   0x00000030   Code   RO         7122    i._ZN8touchgfx10OSWrappers10initializeEv  oswrappers.o
    0x08013144   0x08013144   0x00000038   Code   RO         7123    i._ZN8touchgfx10OSWrappers11signalVSyncEv  oswrappers.o
    0x0801317c   0x0801317c   0x00000024   Code   RO         7124    i._ZN8touchgfx10OSWrappers12waitForVSyncEv  oswrappers.o
    0x080131a0   0x080131a0   0x00000014   Code   RO         7125    i._ZN8touchgfx10OSWrappers24giveFrameBufferSemaphoreEv  oswrappers.o
    0x080131b4   0x080131b4   0x00000010   Code   RO         7126    i._ZN8touchgfx10OSWrappers24takeFrameBufferSemaphoreEv  oswrappers.o
    0x080131c4   0x080131c4   0x00000010   Code   RO         7127    i._ZN8touchgfx10OSWrappers27tryTakeFrameBufferSemaphoreEv  oswrappers.o
    0x080131d4   0x080131d4   0x00000030   Code   RO         7128    i._ZN8touchgfx10OSWrappers31giveFrameBufferSemaphoreFromISREv  oswrappers.o
    0x08013204   0x08013204   0x00000004   Code   RO         8204    i._ZN8touchgfx10Transition18setScreenContainerERNS_9ContainerE  frontendapplicationbase.o
    0x08013208   0x08013208   0x00000002   Code   RO         8198    i._ZN8touchgfx10Transition4initEv  frontendapplicationbase.o
    0x0801320a   0x0801320a   0x00000002   Code   RO         8192    i._ZN8touchgfx10Transition8tearDownEv  frontendapplicationbase.o
    0x0801320c   0x0801320c   0x00000006   Code   RO         8237    i._ZN8touchgfx12NoTransition15handleTickEventEv  frontendapplicationbase.o
    0x08013212   0x08013212   0x00000002   Code   RO         8228    i._ZN8touchgfx12NoTransitionD1Ev  frontendapplicationbase.o
    0x08013214   0x08013214   0x00000004   Code   RO         9283    i._ZN8touchgfx13DMA_Interface10getDMATypeEv  touchgfx_core.lib(dma.o)
    0x08013218   0x08013218   0x00000006   Code   RO         9276    i._ZN8touchgfx13DMA_Interface5flushEv  touchgfx_core.lib(dma.o)
    0x0801321e   0x0801321e   0x00000002   PAD
    0x08013220   0x08013220   0x00000044   Code   RO         8382    i._ZN8touchgfx13GeneratedFontC1EPKNS_9GlyphNodeEtthhhhhPKPKhPKNS_11KerningNodeEttPKt  generatedfont.o
    0x08013264   0x08013264   0x00000002   Code   RO         8405    i._ZN8touchgfx13GeneratedFontD1Ev  generatedfont.o
    0x08013266   0x08013266   0x00000002   PAD
    0x08013268   0x08013268   0x00000068   Code   RO          506    i._ZN8touchgfx13touchgfx_initEv  boardconfiguration.o
    0x080132d0   0x080132d0   0x00000028   Code   RO          676    i._ZN8touchgfx14MVPApplication29handlePendingScreenTransitionEv  boardconfiguration.o
    0x080132f8   0x080132f8   0x00000004   Code   RO         2006    i._ZN8touchgfx18MCUInstrumentation13getCCConsumedEv  stm32f4instrumentation.o
    0x080132fc   0x080132fc   0x00000004   Code   RO         2012    i._ZN8touchgfx18MCUInstrumentation13setCCConsumedEj  stm32f4instrumentation.o
    0x08013300   0x08013300   0x00000004   Code   RO         9530    i._ZN8touchgfx21AbstractPainterRGB56510renderInitEv  touchgfx_core.lib(abstractpainterrgb565.o)
    0x08013304   0x08013304   0x00000010   Code   RO         1965    i._ZN8touchgfx22STM32F4Instrumentation12getCPUCyclesEv  stm32f4instrumentation.o
    0x08013314   0x08013314   0x00000020   Code   RO         1967    i._ZN8touchgfx22STM32F4Instrumentation12setMCUActiveEb  stm32f4instrumentation.o
    0x08013334   0x08013334   0x000000a4   Code   RO         1968    i._ZN8touchgfx22STM32F4Instrumentation4initEv  stm32f4instrumentation.o
    0x080133d8   0x080133d8   0x00000002   Code   RO          604    i._ZN8touchgfx22STM32F4InstrumentationD1Ev  boardconfiguration.o
    0x080133da   0x080133da   0x00000004   Code   RO         1840    i._ZN8touchgfx22STM32F4TouchController11sampleTouchERiS1_  stm32f4touchcontroller.o
    0x080133de   0x080133de   0x00000002   Code   RO         1841    i._ZN8touchgfx22STM32F4TouchController4initEv  stm32f4touchcontroller.o
    0x080133e0   0x080133e0   0x00000002   Code   RO          607    i._ZN8touchgfx22STM32F4TouchControllerD1Ev  boardconfiguration.o
    0x080133e2   0x080133e2   0x00000008   Code   RO         9361    i._ZN8touchgfx3HAL10getDMATypeEv  touchgfx_core.lib(hal.o)
    0x080133ea   0x080133ea   0x00000008   Code   RO         9337    i._ZN8touchgfx3HAL11getBlitCapsEv  touchgfx_core.lib(hal.o)
    0x080133f2   0x080133f2   0x00000002   PAD
    0x080133f4   0x080133f4   0x00000054   Code   RO         9341    i._ZN8touchgfx3HAL15backPorchExitedEv  touchgfx_core.lib(hal.o)
    0x08013448   0x08013448   0x00000006   Code   RO         9358    i._ZN8touchgfx3HAL17getTFTCurrentLineEv  touchgfx_core.lib(hal.o)
    0x0801344e   0x0801344e   0x0000000c   Code   RO         9334    i._ZN8touchgfx3HAL21setDisplayOrientationENS_18DisplayOrientationE  touchgfx_core.lib(hal.o)
    0x0801345a   0x0801345a   0x00000002   PAD
    0x0801345c   0x0801345c   0x0000007c   Code   RO         9348    i._ZN8touchgfx3HAL26setFrameBufferStartAddressEPvtbb  touchgfx_core.lib(hal.o)
    0x080134d8   0x080134d8   0x00000028   Code   RO         9352    i._ZN8touchgfx3HAL28setFrameBufferStartAddressesEPvS1_S1_  touchgfx_core.lib(hal.o)
    0x08013500   0x08013500   0x00000048   Code   RO         9365    i._ZN8touchgfx3HAL31performDisplayOrientationChangeEv  touchgfx_core.lib(hal.o)
    0x08013548   0x08013548   0x00000018   Code   RO         1331    i._ZN8touchgfx3HAL3lcdEv  stm32f4dma.o
    0x08013560   0x08013560   0x0000000c   Code   RO         9355    i._ZN8touchgfx3HAL9taskDelayEt  touchgfx_core.lib(hal.o)
    0x0801356c   0x0801356c   0x000000ac   Code   RO          589    i._ZN8touchgfx3HALC2ERNS_13DMA_InterfaceERNS_3LCDERNS_15TouchControllerEtt  boardconfiguration.o
    0x08013618   0x08013618   0x0000007e   Code   RO         9378    i._ZN8touchgfx3LCD22WideTextInternalStructC1ERNS_12TextProviderEthPKNS_4FontENS_14WideTextActionE  touchgfx_core.lib(lcd.o)
    0x08013696   0x08013696   0x00000094   Code   RO         9375    i._ZN8touchgfx4Edge4stepEi  touchgfx_core.lib(lcd.o)
    0x0801372a   0x0801372a   0x00000002   Code   RO         1216    i._ZN8touchgfx4GPIO3setENS0_7GPIO_IDE  touchgfx_gpio.o
    0x0801372c   0x0801372c   0x00000002   Code   RO         1217    i._ZN8touchgfx4GPIO4initEv  touchgfx_gpio.o
    0x0801372e   0x0801372e   0x00000002   Code   RO         1218    i._ZN8touchgfx4GPIO5clearENS0_7GPIO_IDE  touchgfx_gpio.o
    0x08013730   0x08013730   0x00000002   Code   RO         1219    i._ZN8touchgfx4GPIO6toggleENS0_7GPIO_IDE  touchgfx_gpio.o
    0x08013732   0x08013732   0x0000000c   Code   RO         9147    i._ZN8touchgfx4RectC1Ev  touchgfx_core.lib(application.o)
    0x0801373e   0x0801373e   0x00000002   PAD
    0x08013740   0x08013740   0x0000000c   Code   RO         8503    i._ZN8touchgfx4ViewI16Screen1PresenterED1Ev  screen1viewbase.o
    0x0801374c   0x0801374c   0x0000006c   Code   RO         8740    i._ZN8touchgfx5Texts11setLanguageEt  texts.o
    0x080137b8   0x080137b8   0x00000006   Code   RO         1337    i._ZN8touchgfx6BlitOpC1Ev  stm32f4dma.o
    0x080137be   0x080137be   0x00000002   PAD
    0x080137c0   0x080137c0   0x00000044   Code   RO         8471    i._ZN8touchgfx6ButtonC1Ev  screen1viewbase.o
    0x08013804   0x08013804   0x00000002   Code   RO         9431    i._ZN8touchgfx6Screen11setupScreenEv  touchgfx_core.lib(screen.o)
    0x08013806   0x08013806   0x00000002   Code   RO         9443    i._ZN8touchgfx6Screen14handleKeyEventEh  touchgfx_core.lib(screen.o)
    0x08013808   0x08013808   0x00000002   Code   RO         9437    i._ZN8touchgfx6Screen14tearDownScreenEv  touchgfx_core.lib(screen.o)
    0x0801380a   0x0801380a   0x00000002   Code   RO         9434    i._ZN8touchgfx6Screen15afterTransitionEv  touchgfx_core.lib(screen.o)
    0x0801380c   0x0801380c   0x00000002   Code   RO         9440    i._ZN8touchgfx6Screen15handleTickEventEv  touchgfx_core.lib(screen.o)
    0x0801380e   0x0801380e   0x00000006   Code   RO         8483    i._ZN8touchgfx6Screen3addERNS_8DrawableE  screen1viewbase.o
    0x08013814   0x08013814   0x0000000c   Code   RO         9425    i._ZN8touchgfx6ScreenD1Ev  touchgfx_core.lib(screen.o)
    0x08013820   0x08013820   0x00000014   Code   RO         9180    i._ZN8touchgfx6Widget12getLastChildEssPPNS_8DrawableE  touchgfx_core.lib(button.o)
    0x08013834   0x08013834   0x000000dc   Code   RO         9557    i._ZN8touchgfx7CWRUtil4sineENS0_2Q5E  touchgfx_core.lib(circle.o)
    0x08013910   0x08013910   0x0000002a   Code   RO         9102    i._ZN8touchgfx8Drawable11setPositionEssss  touchgfx_core.lib(abstractprogressindicator.o)
    0x0801393a   0x0801393a   0x00000012   Code   RO         9177    i._ZN8touchgfx8Drawable14setupDrawChainERKNS_4RectEPPS0_  touchgfx_core.lib(button.o)
    0x0801394c   0x0801394c   0x00000002   Code   RO         9125    i._ZN8touchgfx8Drawable15handleDragEventERKNS_9DragEventE  touchgfx_core.lib(abstractprogressindicator.o)
    0x0801394e   0x0801394e   0x00000002   Code   RO         9128    i._ZN8touchgfx8Drawable15handleTickEventEv  touchgfx_core.lib(abstractprogressindicator.o)
    0x08013950   0x08013950   0x00000002   Code   RO         9119    i._ZN8touchgfx8Drawable16handleClickEventERKNS_10ClickEventE  touchgfx_core.lib(abstractprogressindicator.o)
    0x08013952   0x08013952   0x00000002   Code   RO         9122    i._ZN8touchgfx8Drawable18handleGestureEventERKNS_12GestureEventE  touchgfx_core.lib(abstractprogressindicator.o)
    0x08013954   0x08013954   0x00000004   Code   RO         9106    i._ZN8touchgfx8Drawable4setXEs  touchgfx_core.lib(abstractprogressindicator.o)
    0x08013958   0x08013958   0x00000004   Code   RO         9109    i._ZN8touchgfx8Drawable4setYEs  touchgfx_core.lib(abstractprogressindicator.o)
    0x0801395c   0x0801395c   0x0000001c   Code   RO         9112    i._ZN8touchgfx8Drawable5setXYEss  touchgfx_core.lib(abstractprogressindicator.o)
    0x08013978   0x08013978   0x00000004   Code   RO         9096    i._ZN8touchgfx8Drawable8setWidthEs  touchgfx_core.lib(abstractprogressindicator.o)
    0x0801397c   0x0801397c   0x00000004   Code   RO         9099    i._ZN8touchgfx8Drawable9setHeightEs  touchgfx_core.lib(abstractprogressindicator.o)
    0x08013980   0x08013980   0x00000002   Code   RO         9049    i._ZN8touchgfx8LCD16bppD1Ev  touchgfx_core.lib(lcd16bpp.o)
    0x08013982   0x08013982   0x00000002   PAD
    0x08013984   0x08013984   0x0000000c   Code   RO         1540    i._ZNK10STM32F4HAL17getTFTFrameBufferEv  stm32f4hal.o
    0x08013990   0x08013990   0x00000006   Code   RO         9547    i._ZNK8touchgfx12CanvasWidget8getAlphaEv  touchgfx_core.lib(canvaswidget.o)
    0x08013996   0x08013996   0x0000003a   Code   RO         8383    i._ZNK8touchgfx13GeneratedFont10getKerningEtPKNS_9GlyphNodeE  generatedfont.o
    0x080139d0   0x080139d0   0x00000004   Code   RO         7937    i._ZNK8touchgfx13GeneratedFont12getGSUBTableEv  cachedfont.o
    0x080139d4   0x080139d4   0x00000010   Code   RO         8384    i._ZNK8touchgfx13GeneratedFont12getPixelDataEPKNS_9GlyphNodeE  generatedfont.o
    0x080139e4   0x080139e4   0x00000004   Code   RO         9311    i._ZNK8touchgfx4Font10getKerningEtPKNS_9GlyphNodeE  touchgfx_core.lib(font.o)
    0x080139e8   0x080139e8   0x00000004   Code   RO         9237    i._ZNK8touchgfx4Font12getGSUBTableEv  touchgfx_core.lib(constfont.o)
    0x080139ec   0x080139ec   0x00000004   Code   RO         9225    i._ZNK8touchgfx4Font13getFontHeightEv  touchgfx_core.lib(constfont.o)
    0x080139f0   0x080139f0   0x00000008   Code   RO         9231    i._ZNK8touchgfx4Font15getBitsPerPixelEv  touchgfx_core.lib(constfont.o)
    0x080139f8   0x080139f8   0x00000006   Code   RO         9234    i._ZNK8touchgfx4Font15getDataFormatA4Ev  touchgfx_core.lib(constfont.o)
    0x080139fe   0x080139fe   0x00000004   Code   RO         9222    i._ZNK8touchgfx4Font15getEllipsisCharEv  touchgfx_core.lib(constfont.o)
    0x08013a02   0x08013a02   0x00000004   Code   RO         9219    i._ZNK8touchgfx4Font15getFallbackCharEv  touchgfx_core.lib(constfont.o)
    0x08013a06   0x08013a06   0x0000000a   Code   RO         9228    i._ZNK8touchgfx4Font20getMinimumTextHeightEv  touchgfx_core.lib(constfont.o)
    0x08013a10   0x08013a10   0x0000001c   Code   RO         9215    i._ZNK8touchgfx4Font8getGlyphEt  touchgfx_core.lib(constfont.o)
    0x08013a2c   0x08013a2c   0x000000a6   Code   RO         9422    i._ZNK8touchgfx4RectanERKS0_  touchgfx_core.lib(screen.o)
    0x08013ad2   0x08013ad2   0x00000004   Code   RO         9058    i._ZNK8touchgfx8LCD16bpp17framebufferFormatEv  touchgfx_core.lib(lcd16bpp.o)
    0x08013ad6   0x08013ad6   0x00000002   PAD
    0x08013ad8   0x08013ad8   0x0000001c   Code   RO         9061    i._ZNK8touchgfx8LCD16bpp17framebufferStrideEv  touchgfx_core.lib(lcd16bpp.o)
    0x08013af4   0x08013af4   0x00000004   Code   RO         9055    i._ZNK8touchgfx8LCD16bpp8bitDepthEv  touchgfx_core.lib(lcd16bpp.o)
    0x08013af8   0x08013af8   0x00000008   Code   RO         9656    i._ZdlPv            cpprt_w.l(delete.o)
    0x08013b00   0x08013b00   0x0000000a   Code   RO         9080    i.__ARM_common_memcpy4_8  touchgfx_core.lib(lcd16bpp.o)
    0x08013b0a   0x08013b0a   0x00000020   Code   RO         3475    i.__NVIC_SetPriority  stm32f4xx_hal_cortex.o
    0x08013b2a   0x08013b2a   0x00000024   Code   RO         9774    i.__aeabi_vec_ctor_nocookie_nodtor  cpprt_w.l(aeabi_vec_ctor_nocookie_nodtor.o)
    0x08013b4e   0x08013b4e   0x00000010   Code   RO         9662    i.__cxa_guard_acquire  cpprt_w.l(cxa_guard_acquire.o)
    0x08013b5e   0x08013b5e   0x00000006   Code   RO         9659    i.__cxa_pure_virtual  cpprt_w.l(pure_virt.o)
    0x08013b64   0x08013b64   0x0000000e   Code   RO        10185    i.__scatterload_copy  mc_w.l(handlers.o)
    0x08013b72   0x08013b72   0x00000002   Code   RO        10186    i.__scatterload_null  mc_w.l(handlers.o)
    0x08013b74   0x08013b74   0x0000000e   Code   RO        10187    i.__scatterload_zeroinit  mc_w.l(handlers.o)
    0x08013b82   0x08013b82   0x00000002   PAD
    0x08013b84   0x08013b84   0x0000001c   Code   RO         8852    i.__sti___21_typedtextdatabase_cpp__fonts  typedtextdatabase.o
    0x08013ba0   0x08013ba0   0x0000008c   Code   RO          507    i.__sti___22_BoardConfiguration_cpp_2f1c5dae  boardconfiguration.o
    0x08013c2c   0x08013c2c   0x00000050   Code   RO        10097    i.free              mc_w.l(malloc.o)
    0x08013c7c   0x08013c7c   0x00000026   Code   RO           16    i.main              main.o
    0x08013ca2   0x08013ca2   0x0000000c   Code   RO         6616    i.makeFreeRtosPriority  cmsis_os.o
    0x08013cae   0x08013cae   0x00000002   PAD
    0x08013cb0   0x08013cb0   0x0000006c   Code   RO        10098    i.malloc            mc_w.l(malloc.o)
    0x08013d1c   0x08013d1c   0x0000000e   Code   RO         6618    i.osDelay           cmsis_os.o
    0x08013d2a   0x08013d2a   0x0000000a   Code   RO         6621    i.osKernelStart     cmsis_os.o
    0x08013d34   0x08013d34   0x00000054   Code   RO         6655    i.osThreadCreate    cmsis_os.o
    0x08013d88   0x08013d88   0x00000070   Code   RO         6296    i.prvAddCurrentTaskToDelayedList  tasks.o
    0x08013df8   0x08013df8   0x000000d0   Code   RO         6297    i.prvAddNewTaskToReadyList  tasks.o
    0x08013ec8   0x08013ec8   0x00000026   Code   RO         5981    i.prvCopyDataFromQueue  queue.o
    0x08013eee   0x08013eee   0x0000006c   Code   RO         5982    i.prvCopyDataToQueue  queue.o
    0x08013f5a   0x08013f5a   0x00000034   Code   RO         6298    i.prvDeleteTCB      tasks.o
    0x08013f8e   0x08013f8e   0x00000002   PAD
    0x08013f90   0x08013f90   0x0000004c   Code   RO         6983    i.prvHeapInit       heap_4.o
    0x08013fdc   0x08013fdc   0x00000060   Code   RO         6299    i.prvIdleTask       tasks.o
    0x0801403c   0x0801403c   0x00000016   Code   RO         5984    i.prvInitialiseNewQueue  queue.o
    0x08014052   0x08014052   0x00000090   Code   RO         6300    i.prvInitialiseNewTask  tasks.o
    0x080140e2   0x080140e2   0x00000002   PAD
    0x080140e4   0x080140e4   0x0000004c   Code   RO         6984    i.prvInsertBlockIntoFreeList  heap_4.o
    0x08014130   0x08014130   0x0000001c   Code   RO         5985    i.prvIsQueueEmpty   queue.o
    0x0801414c   0x0801414c   0x00000020   Code   RO         6301    i.prvResetNextTaskUnblockTime  tasks.o
    0x0801416c   0x0801416c   0x00000028   Code   RO         7046    i.prvTaskExitError  port.o
    0x08014194   0x08014194   0x0000006a   Code   RO         5986    i.prvUnlockQueue    queue.o
    0x080141fe   0x080141fe   0x00000002   PAD
    0x08014200   0x08014200   0x000000d8   Code   RO         6985    i.pvPortMalloc      heap_4.o
    0x080142d8   0x080142d8   0x00000018   Code   RO         6303    i.pvTaskIncrementMutexHeldCount  tasks.o
    0x080142f0   0x080142f0   0x0000002c   Code   RO         7047    i.pxPortInitialiseStack  port.o
    0x0801431c   0x0801431c   0x00000026   Code   RO         5941    i.uxListRemove      list.o
    0x08014342   0x08014342   0x00000002   PAD
    0x08014344   0x08014344   0x00000014   Code   RO          414    i.vApplicationGetIdleTaskMemory  freertos.o
    0x08014358   0x08014358   0x00000016   Code   RO         5942    i.vListInitialise   list.o
    0x0801436e   0x0801436e   0x00000006   Code   RO         5943    i.vListInitialiseItem  list.o
    0x08014374   0x08014374   0x00000030   Code   RO         5944    i.vListInsert       list.o
    0x080143a4   0x080143a4   0x00000018   Code   RO         5945    i.vListInsertEnd    list.o
    0x080143bc   0x080143bc   0x00000040   Code   RO         7049    i.vPortEnterCritical  port.o
    0x080143fc   0x080143fc   0x00000028   Code   RO         7050    i.vPortExitCritical  port.o
    0x08014424   0x08014424   0x0000005c   Code   RO         6986    i.vPortFree         heap_4.o
    0x08014480   0x08014480   0x00000024   Code   RO         7051    i.vPortSetupTimerInterrupt  port.o
    0x080144a4   0x080144a4   0x00000054   Code   RO         7052    i.vPortValidateInterruptPriority  port.o
    0x080144f8   0x080144f8   0x0000004c   Code   RO         6309    i.vTaskDelay        tasks.o
    0x08014544   0x08014544   0x00000010   Code   RO         6312    i.vTaskInternalSetTimeOutState  tasks.o
    0x08014554   0x08014554   0x0000000c   Code   RO         6313    i.vTaskMissedYield  tasks.o
    0x08014560   0x08014560   0x00000030   Code   RO         6315    i.vTaskPlaceOnEventList  tasks.o
    0x08014590   0x08014590   0x000000a8   Code   RO         6317    i.vTaskPriorityDisinheritAfterTimeout  tasks.o
    0x08014638   0x08014638   0x0000006c   Code   RO         6323    i.vTaskStartScheduler  tasks.o
    0x080146a4   0x080146a4   0x00000010   Code   RO         6325    i.vTaskSuspendAll   tasks.o
    0x080146b4   0x080146b4   0x00000070   Code   RO         6326    i.vTaskSwitchContext  tasks.o
    0x08014724   0x08014724   0x000000f4   Code   RO         7053    i.xPortStartScheduler  port.o
    0x08014818   0x08014818   0x00000048   Code   RO         5995    i.xQueueGenericCreate  queue.o
    0x08014860   0x08014860   0x00000088   Code   RO         5997    i.xQueueGenericReset  queue.o
    0x080148e8   0x080148e8   0x00000160   Code   RO         5998    i.xQueueGenericSend  queue.o
    0x08014a48   0x08014a48   0x000000bc   Code   RO         5999    i.xQueueGenericSendFromISR  queue.o
    0x08014b04   0x08014b04   0x0000009c   Code   RO         6000    i.xQueueGiveFromISR  queue.o
    0x08014ba0   0x08014ba0   0x00000138   Code   RO         6005    i.xQueueReceive     queue.o
    0x08014cd8   0x08014cd8   0x00000178   Code   RO         6007    i.xQueueSemaphoreTake  queue.o
    0x08014e50   0x08014e50   0x00000018   Code   RO         6327    i.xTaskCallApplicationTaskHook  tasks.o
    0x08014e68   0x08014e68   0x00000074   Code   RO         6328    i.xTaskCheckForTimeOut  tasks.o
    0x08014edc   0x08014edc   0x0000005a   Code   RO         6329    i.xTaskCreate       tasks.o
    0x08014f36   0x08014f36   0x00000056   Code   RO         6330    i.xTaskCreateStatic  tasks.o
    0x08014f8c   0x08014f8c   0x0000001c   Code   RO         6335    i.xTaskGetSchedulerState  tasks.o
    0x08014fa8   0x08014fa8   0x000000c8   Code   RO         6338    i.xTaskIncrementTick  tasks.o
    0x08015070   0x08015070   0x00000098   Code   RO         6341    i.xTaskPriorityDisinherit  tasks.o
    0x08015108   0x08015108   0x00000094   Code   RO         6342    i.xTaskPriorityInherit  tasks.o
    0x0801519c   0x0801519c   0x00000074   Code   RO         6343    i.xTaskRemoveFromEventList  tasks.o
    0x08015210   0x08015210   0x000000c4   Code   RO         6344    i.xTaskResumeAll    tasks.o
    0x080152d4   0x080152d4   0x0000011c   Code   RO         8162    t._ZN8touchgfx14makeTransitionI11Screen1View16Screen1PresenterNS_12NoTransitionE5ModelEEPT0_PPNS_6ScreenEPPNS_9PresenterERNS_7MVPHeapEPPNS_10TransitionEPT2_  frontendapplicationbase.o
    0x080153f0   0x080153f0   0x000000e0   Code   RO          567    t._ZN8touchgfx21touchgfx_generic_initI10STM32F4HALEERNS_3HALERNS_13DMA_InterfaceERNS_3LCDERNS_15TouchControllerEssPtjj  boardconfiguration.o
    0x080154d0   0x080154d0   0x00000016   Code   RO         8213    t._ZN8touchgfx8CallbackI23FrontendApplicationBasevvvE7executeEv  frontendapplicationbase.o
    0x080154e6   0x080154e6   0x00000006   Code   RO          719    t._ZN8touchgfx9PartitionINS_4meta8TypeListI11Screen1ViewNS2_INS1_3NilES4_EEEELt1EE12element_sizeEv  boardconfiguration.o
    0x080154ec   0x080154ec   0x00000010   Code   RO          725    t._ZN8touchgfx9PartitionINS_4meta8TypeListI11Screen1ViewNS2_INS1_3NilES4_EEEELt1EE7elementEt  boardconfiguration.o
    0x080154fc   0x080154fc   0x00000004   Code   RO          692    t._ZN8touchgfx9PartitionINS_4meta8TypeListI16Screen1PresenterNS2_INS1_3NilES4_EEEELt1EE12element_sizeEv  boardconfiguration.o
    0x08015500   0x08015500   0x00000008   Code   RO          698    t._ZN8touchgfx9PartitionINS_4meta8TypeListI16Screen1PresenterNS2_INS1_3NilES4_EEEELt1EE7elementEt  boardconfiguration.o
    0x08015508   0x08015508   0x00000004   Code   RO          746    t._ZN8touchgfx9PartitionINS_4meta8TypeListINS_12NoTransitionENS2_INS1_3NilES4_EEEELt1EE12element_sizeEv  boardconfiguration.o
    0x0801550c   0x0801550c   0x0000000c   Code   RO          752    t._ZN8touchgfx9PartitionINS_4meta8TypeListINS_12NoTransitionENS2_INS1_3NilES4_EEEELt1EE7elementEt  boardconfiguration.o
    0x08015518   0x08015518   0x00000018   Code   RO         8219    t._ZNK8touchgfx8CallbackI23FrontendApplicationBasevvvE7isValidEv  frontendapplicationbase.o
    0x08015530   0x08015530   0x00000004   Code   RO          713    t._ZNK8touchgfx9PartitionINS_4meta8TypeListI11Screen1ViewNS2_INS1_3NilES4_EEEELt1EE8capacityEv  boardconfiguration.o
    0x08015534   0x08015534   0x00000004   Code   RO          686    t._ZNK8touchgfx9PartitionINS_4meta8TypeListI16Screen1PresenterNS2_INS1_3NilES4_EEEELt1EE8capacityEv  boardconfiguration.o
    0x08015538   0x08015538   0x00000004   Code   RO          740    t._ZNK8touchgfx9PartitionINS_4meta8TypeListINS_12NoTransitionENS2_INS1_3NilES4_EEEELt1EE8capacityEv  boardconfiguration.o
    0x0801553c   0x0801553c   0x0000001c   Data   RO          416    .constdata          freertos.o
    0x08015558   0x08015558   0x00000010   Data   RO         5804    .constdata          system_stm32f4xx.o
    0x08015568   0x08015568   0x00000008   Data   RO         5805    .constdata          system_stm32f4xx.o
    0x08015570   0x08015570   0x00000064   Data   RO         7797    .constdata          bitmapdatabase.o
    0x080155d4   0x080155d4   0x00000010   Data   RO         8146    .constdata          frontendapplicationbase.o
    0x080155e4   0x080155e4   0x00000004   Data   RO         8683    .constdata          table_verdana_10_4bpp.o
    0x080155e8   0x080155e8   0x00000004   Data   RO         8703    .constdata          table_verdana_20_4bpp.o
    0x080155ec   0x080155ec   0x00000004   Data   RO         8723    .constdata          table_verdana_40_4bpp.o
    0x080155f0   0x080155f0   0x00000004   Data   RO         8746    .constdata          texts.o
    0x080155f4   0x080155f4   0x00000010   Data   RO         9373    .constdata          touchgfx_core.lib(lcd.o)
    0x08015604   0x08015604   0x00000048   Data   RO         9418    .constdata          touchgfx_core.lib(screen.o)
    0x0801564c   0x0801564c   0x00000d82   Data   RO         9616    .constdata          touchgfx_core.lib(textprovider.o)
    0x080163ce   0x080163ce   0x00000002   PAD
    0x080163d0   0x080163d0   0x00000050   Data   RO         1330    .constdata__ZTV10STM32F4DMA  stm32f4dma.o
    0x08016420   0x08016420   0x000000c0   Data   RO         1613    .constdata__ZTV10STM32F4HAL  stm32f4hal.o
    0x080164e0   0x080164e0   0x00000034   Data   RO         7617    .constdata__ZTV11Screen1View  screen1view.o
    0x08016514   0x08016514   0x00000014   Data   RO          619    .constdata__ZTV12FrontendHeap  boardconfiguration.o
    0x08016528   0x08016528   0x00000034   Data   RO         8470    .constdata__ZTV15Screen1ViewBase  screen1viewbase.o
    0x0801655c   0x0801655c   0x00000028   Data   RO         7423    .constdata__ZTV16Screen1Presenter  screen1presenter.o
    0x08016584   0x08016584   0x0000003c   Data   RO         7244    .constdata__ZTV19FrontendApplication  frontendapplication.o
    0x080165c0   0x080165c0   0x00000014   Data   RO         7752    .constdata__ZTV23ApplicationFontProvider  applicationfontprovider.o
    0x080165d4   0x080165d4   0x0000003c   Data   RO          611    .constdata__ZTV23FrontendApplicationBase  boardconfiguration.o
    0x08016610   0x08016610   0x00000014   Data   RO         9447    .constdata__ZTVN8touchgfx10ClickEventE  touchgfx_core.lib(screen.o)
    0x08016624   0x08016624   0x0000003c   Data   RO         9146    .constdata__ZTVN8touchgfx11ApplicationE  touchgfx_core.lib(application.o)
    0x08016660   0x08016660   0x00000084   Data   RO         9540    .constdata__ZTVN8touchgfx12CanvasWidgetE  touchgfx_core.lib(canvaswidget.o)
    0x080166e4   0x080166e4   0x00000014   Data   RO         9451    .constdata__ZTVN8touchgfx12GestureEventE  touchgfx_core.lib(screen.o)
    0x080166f8   0x080166f8   0x00000020   Data   RO         8174    .constdata__ZTVN8touchgfx12NoTransitionE  frontendapplicationbase.o
    0x08016718   0x08016718   0x00000054   Data   RO         8404    .constdata__ZTVN8touchgfx13GeneratedFontE  generatedfont.o
    0x0801676c   0x0801676c   0x00000080   Data   RO         9401    .constdata__ZTVN8touchgfx13ScalableImageE  touchgfx_core.lib(scalableimage.o)
    0x080167ec   0x080167ec   0x000000fc   Data   RO         9203    .constdata__ZTVN8touchgfx14CircleProgressE  touchgfx_core.lib(circleprogress.o)
    0x080168e8   0x080168e8   0x0000003c   Data   RO         8170    .constdata__ZTVN8touchgfx14MVPApplicationE  frontendapplicationbase.o
    0x08016924   0x08016924   0x00000014   Data   RO         9087    .constdata__ZTVN8touchgfx15AbstractPainterE  touchgfx_core.lib(abstractpainter.o)
    0x08016938   0x08016938   0x00000034   Data   RO         9039    .constdata__ZTVN8touchgfx17AbstractPartitionE  touchgfx_core.lib(abstractpartition.o)
    0x0801696c   0x0801696c   0x00000024   Data   RO         9269    .constdata__ZTVN8touchgfx17LockFreeDMA_QueueE  touchgfx_core.lib(dma.o)
    0x08016990   0x08016990   0x00000020   Data   RO         9387    .constdata__ZTVN8touchgfx19PainterRGB565BitmapE  touchgfx_core.lib(painterrgb565bitmap.o)
    0x080169b0   0x080169b0   0x00000020   Data   RO         9523    .constdata__ZTVN8touchgfx21AbstractPainterRGB565E  touchgfx_core.lib(abstractpainterrgb565.o)
    0x080169d0   0x080169d0   0x00000028   Data   RO         2005    .constdata__ZTVN8touchgfx22STM32F4InstrumentationE  stm32f4instrumentation.o
    0x080169f8   0x080169f8   0x00000018   Data   RO         1865    .constdata__ZTVN8touchgfx22STM32F4TouchControllerE  stm32f4touchcontroller.o
    0x08016a10   0x08016a10   0x000000c4   Data   RO         9095    .constdata__ZTVN8touchgfx25AbstractProgressIndicatorE  touchgfx_core.lib(abstractprogressindicator.o)
    0x08016ad4   0x08016ad4   0x000000c0   Data   RO         9327    .constdata__ZTVN8touchgfx3HALE  touchgfx_core.lib(hal.o)
    0x08016b94   0x08016b94   0x00000050   Data   RO         9304    .constdata__ZTVN8touchgfx4FontE  touchgfx_core.lib(font.o)
    0x08016be4   0x08016be4   0x00000070   Data   RO         9598    .constdata__ZTVN8touchgfx5ImageE  touchgfx_core.lib(image.o)
    0x08016c54   0x08016c54   0x00000074   Data   RO         9173    .constdata__ZTVN8touchgfx6ButtonE  touchgfx_core.lib(button.o)
    0x08016cc8   0x08016cc8   0x00000010   Data   RO         9630    .constdata__ZTVN8touchgfx6CanvasE  touchgfx_core.lib(canvas.o)
    0x08016cd8   0x08016cd8   0x00000084   Data   RO         9556    .constdata__ZTVN8touchgfx6CircleE  touchgfx_core.lib(circle.o)
    0x08016d5c   0x08016d5c   0x00000034   Data   RO         9421    .constdata__ZTVN8touchgfx6ScreenE  touchgfx_core.lib(screen.o)
    0x08016d90   0x08016d90   0x00000010   Data   RO         9637    .constdata__ZTVN8touchgfx7OutlineE  touchgfx_core.lib(outline.o)
    0x08016da0   0x08016da0   0x00000018   Data   RO         8172    .constdata__ZTVN8touchgfx8CallbackI23FrontendApplicationBasevvvEE  frontendapplicationbase.o
    0x08016db8   0x08016db8   0x0000004c   Data   RO         9047    .constdata__ZTVN8touchgfx8LCD16bppE  touchgfx_core.lib(lcd16bpp.o)
    0x08016e04   0x08016e04   0x00000010   Data   RO         9647    .constdata__ZTVN8touchgfx8ScanlineE  touchgfx_core.lib(scanline.o)
    0x08016e14   0x08016e14   0x00000054   Data   RO         9214    .constdata__ZTVN8touchgfx9ConstFontE  touchgfx_core.lib(constfont.o)
    0x08016e68   0x08016e68   0x00000090   Data   RO         9253    .constdata__ZTVN8touchgfx9ContainerE  touchgfx_core.lib(container.o)
    0x08016ef8   0x08016ef8   0x00000014   Data   RO         9449    .constdata__ZTVN8touchgfx9DragEventE  touchgfx_core.lib(screen.o)
    0x08016f0c   0x08016f0c   0x00000034   Data   RO          615    .constdata__ZTVN8touchgfx9PartitionINS_4meta8TypeListI11Screen1ViewNS2_INS1_3NilES4_EEEELt1EEE  boardconfiguration.o
    0x08016f40   0x08016f40   0x00000034   Data   RO          613    .constdata__ZTVN8touchgfx9PartitionINS_4meta8TypeListI16Screen1PresenterNS2_INS1_3NilES4_EEEELt1EEE  boardconfiguration.o
    0x08016f74   0x08016f74   0x00000034   Data   RO          617    .constdata__ZTVN8touchgfx9PartitionINS_4meta8TypeListINS_12NoTransitionENS2_INS1_3NilES4_EEEELt1EEE  boardconfiguration.o
    0x08016fa8   0x08016fa8   0x000000b6   Data   RO         9567    .constdata__ZZN8touchgfx7CWRUtil4sineEiE9sineTable  touchgfx_core.lib(circle.o)
    0x0801705e   0x0801705e   0x00000002   PAD
    0x08017060   0x08017060   0x0000000c   Data   RO          417    .conststring        freertos.o
    0x0801706c   0x0801706c   0x000bb800   Data   RO         7821    ExtFlashSection     blue_backgrounds_main_bg_800x480px.o
    0x080d286c   0x080d286c   0x00009f60   Data   RO         7830    ExtFlashSection     blue_buttons_round_edge_small.o
    0x080dc7cc   0x080dc7cc   0x00009f60   Data   RO         7839    ExtFlashSection     blue_buttons_round_edge_small_pressed.o
    0x080e672c   0x080e672c   0x0000a900   Data   RO         7848    ExtFlashSection     blue_progressindicators_bg_medium_circle_indicator_bg_full.o
    0x080f102c   0x080f102c   0x0000a900   Data   RO         7857    ExtFlashSection     blue_progressindicators_fill_medium_circle_indicator_fill_full.o
    0x080fb92c   0x080fb92c   0x00000004   Data   RO         8427    FontFlashSection    kerning_verdana_10_4bpp.o
    0x080fb930   0x080fb930   0x00000004   Data   RO         8436    FontFlashSection    kerning_verdana_20_4bpp.o
    0x080fb934   0x080fb934   0x00000004   Data   RO         8445    FontFlashSection    kerning_verdana_40_4bpp.o
    0x080fb938   0x080fb938   0x0000000e   Data   RO         8685    FontFlashSection    table_verdana_10_4bpp.o
    0x080fb946   0x080fb946   0x00000002   PAD
    0x080fb948   0x080fb948   0x0000000e   Data   RO         8705    FontFlashSection    table_verdana_20_4bpp.o
    0x080fb956   0x080fb956   0x00000002   PAD
    0x080fb958   0x080fb958   0x0000000e   Data   RO         8725    FontFlashSection    table_verdana_40_4bpp.o
    0x080fb966   0x080fb966   0x00000002   PAD
    0x080fb968   0x080fb968   0x00000020   Data   RO        10184    Region$$Table       anon$$obj.o
    0x080fb988   0x080fb988   0x00000002   Data   RO         8752    TextFlashSection    texts.o
    0x080fb98a   0x080fb98a   0x00000002   PAD
    0x080fb98c   0x080fb98c   0x00000002   Data   RO         8861    TextFlashSection    typedtextdatabase.o
    0x080fb98e   0x080fb98e   0x00000002   PAD
    0x080fb990   0x080fb990   0x00000004   Data   RO         8862    TextFlashSection    typedtextdatabase.o
    0x080fb994   0x080fb994   0x00000004   Data   RO          517    .init_array         boardconfiguration.o
    0x080fb998   0x080fb994   0x00000004   Data   RO         8860    .init_array         typedtextdatabase.o
    0x080fb99c   0x080fb994   0x00000000   Data   RO        10054    .init_array         mc_w.l(cpp_init.o)


    Execution Region RW_IRAM1 (Exec base: 0x20000000, Load base: 0x080fb99c, Size: 0x00008870, Max: 0x00030000, ABSOLUTE, COMPRESSED[0x00000020])

    Exec Addr    Load Addr    Size         Type   Attr      Idx    E Section Name        Object

    0x20000000   COMPRESSED   0x00000008   Data   RW          373    .data               crc.o
    0x20000008   COMPRESSED   0x00000004   Data   RW          418    .data               freertos.o
    0x2000000c   COMPRESSED   0x00000014   Data   RW          516    .data               boardconfiguration.o
    0x20000020   COMPRESSED   0x00000001   Data   RW         1274    .data               stm32f4dma.o
    0x20000021   COMPRESSED   0x00000001   PAD
    0x20000022   COMPRESSED   0x00000004   Data   RW         1552    .data               stm32f4hal.o
    0x20000026   COMPRESSED   0x00000002   PAD
    0x20000028   COMPRESSED   0x00000008   Data   RW         2116    .data               hw_init.o
    0x20000030   COMPRESSED   0x0000000c   Data   RW         3621    .data               stm32f4xx_hal.o
    0x2000003c   COMPRESSED   0x00000004   Data   RW         5806    .data               system_stm32f4xx.o
    0x20000040   COMPRESSED   0x0000003c   Data   RW         6347    .data               tasks.o
    0x2000007c   COMPRESSED   0x00000018   Data   RW         6991    .data               heap_4.o
    0x20000094   COMPRESSED   0x0000000c   Data   RW         7054    .data               port.o
    0x200000a0   COMPRESSED   0x0000000c   Data   RW         7145    .data               oswrappers.o
    0x200000ac   COMPRESSED   0x00000004   Data   RW         8684    .data               table_verdana_10_4bpp.o
    0x200000b0   COMPRESSED   0x00000004   Data   RW         8704    .data               table_verdana_20_4bpp.o
    0x200000b4   COMPRESSED   0x00000004   Data   RW         8724    .data               table_verdana_40_4bpp.o
    0x200000b8   COMPRESSED   0x00000010   Data   RW         8747    .data               texts.o
    0x200000c8   COMPRESSED   0x00000008   Data   RW         8749    .data               texts.o
    0x200000d0   COMPRESSED   0x00000008   Data   RW         8750    .data               texts.o
    0x200000d8   COMPRESSED   0x00000008   Data   RW         8751    .data               texts.o
    0x200000e0   COMPRESSED   0x00000014   Data   RW         9143    .data               touchgfx_core.lib(application.o)
    0x200000f4   COMPRESSED   0x00000024   Data   RW         9166    .data               touchgfx_core.lib(bitmap.o)
    0x20000118   COMPRESSED   0x00000020   Data   RW         9196    .data               touchgfx_core.lib(canvaswidgetrenderer.o)
    0x20000138   COMPRESSED   0x00000004   Data   RW         9319    .data               touchgfx_core.lib(fontmanager.o)
    0x2000013c   COMPRESSED   0x00000014   Data   RW         9324    .data               touchgfx_core.lib(hal.o)
    0x20000150   COMPRESSED   0x00000004   Data   RW         9489    .data               touchgfx_core.lib(typedtext.o)
    0x20000154   COMPRESSED   0x00000004   Data   RW         9490    .data               touchgfx_core.lib(typedtext.o)
    0x20000158   COMPRESSED   0x00000004   Data   RW         9491    .data               touchgfx_core.lib(typedtext.o)
    0x2000015c   COMPRESSED   0x00000002   Data   RW         9492    .data               touchgfx_core.lib(typedtext.o)
    0x2000015e   COMPRESSED   0x00000002   PAD
    0x20000160   COMPRESSED   0x00000004   Data   RW        10127    .data               mc_w.l(cpp_dtor.o)
    0x20000164   COMPRESSED   0x00000004   Data   RW        10163    .data               mc_w.l(mvars.o)
    0x20000168   COMPRESSED   0x00000004   Data   RW        10164    .data               mc_w.l(mvars.o)
    0x2000016c   COMPRESSED   0x00000004   Data   RW          620    .data__ZZN12FrontendHeap11getInstanceEvE8instance  boardconfiguration.o
    0x20000170   COMPRESSED   0x00000004   Data   RW          622    .data__ZZN8touchgfx6getHALI10STM32F4HALEERNS_3HALERNS_13DMA_InterfaceERNS_3LCDERNS_15TouchControllerEssE3hal  boardconfiguration.o
    0x20000174        -       0x00000258   Zero   RW          415    .bss                freertos.o
    0x200003cc        -       0x00000c30   Zero   RW          515    .bss                boardconfiguration.o
    0x20000ffc        -       0x00000040   Zero   RW         1973    .bss                stm32f4instrumentation.o
    0x2000103c        -       0x0000012c   Zero   RW         2115    .bss                hw_init.o
    0x20001168        -       0x00000040   Zero   RW         2221    .bss                stm32f4xx_hal_timebase_tim.o
    0x200011a8        -       0x00000040   Zero   RW         2294    .bss                usart.o
    0x200011e8        -       0x000000f0   Zero   RW         6346    .bss                tasks.o
    0x200012d8        -       0x00003c00   Zero   RW         6990    .bss                heap_4.o
    0x20004ed8        -       0x00000024   Zero   RW         8682    .bss                table_verdana_10_4bpp.o
    0x20004efc        -       0x00000024   Zero   RW         8702    .bss                table_verdana_20_4bpp.o
    0x20004f20        -       0x00000024   Zero   RW         8722    .bss                table_verdana_40_4bpp.o
    0x20004f44        -       0x0000000c   Zero   RW         8859    .bss                typedtextdatabase.o
    0x20004f50        -       0x0000004c   Zero   RW         9623    .bss                touchgfx_core.lib(touchcalibration.o)
    0x20004f9c        -       0x0000325c   Zero   RW          621    .bss__ZZN12FrontendHeap11getInstanceEvE8instance  boardconfiguration.o
    0x200081f8        -       0x00000078   Zero   RW          623    .bss__ZZN8touchgfx6getHALI10STM32F4HALEERNS_3HALERNS_13DMA_InterfaceERNS_3LCDERNS_15TouchControllerEssE3hal  boardconfiguration.o
    0x20008270        -       0x00000200   Zero   RW            2    HEAP                startup_stm32f429xx.o
    0x20008470        -       0x00000400   Zero   RW            1    STACK               startup_stm32f429xx.o


==============================================================================

Image component sizes


      Code (inc. data)   RO Data    RW Data    ZI Data      Debug   Object Name

        40          0         20          0          0      16752   applicationfontprovider.o
        12          4        100          0          0       5318   bitmapdatabase.o
         0          0     768000          0          0        806   blue_backgrounds_main_bg_800x480px.o
         0          0      40800          0          0        781   blue_buttons_round_edge_small.o
         0          0      40800          0          0        821   blue_buttons_round_edge_small_pressed.o
         0          0      43264          0          0        926   blue_progressindicators_bg_medium_circle_indicator_bg_full.o
         0          0      43264          0          0        946   blue_progressindicators_fill_medium_circle_indicator_fill_full.o
       976        172        240         28      16132     142862   boardconfiguration.o
         4          0          0          0          0       6144   cachedfont.o
       120          0          0          0          0      22293   cmsis_os.o
        76         18          0          8          0       1459   crc.o
         0          0          0          0          0      18028   event_groups.o
        72         14         40          4        600      32974   freertos.o
        38          4         60          0          0      46392   frontendapplication.o
       506         44        132          0          0      45883   frontendapplicationbase.o
       144          6         84          0          0       9444   generatedfont.o
       288         16          0          0          0     781375   gpio.o
       460         24          0         24      15360       7283   heap_4.o
      1380        166          0          8        300       7019   hw_init.o
         0          0          4          0          0       1390   kerning_verdana_10_4bpp.o
         0          0          4          0          0       1390   kerning_verdana_20_4bpp.o
         0          0          4          0          0       1390   kerning_verdana_40_4bpp.o
       138          0          0          0          0       3510   list.o
       220         14          0          0          0     737800   main.o
         8          0          0          0          0        924   model.o
       240         44          0         12          0       4372   oswrappers.o
       786         82          0         12          0      11873   port.o
      1894         18          0          0          0      15920   queue.o
        26          4         40          0          0      69164   screen1presenter.o
        66         14         52          0          0      31960   screen1view.o
       496         20         52          0          0      63436   screen1viewbase.o
        36          8        428          0       1536        832   startup_stm32f429xx.o
       980         66         80          1          0     705710   stm32f4dma.o
       382         42        192          4          0     704856   stm32f4hal.o
       220         16         40          0         64       6144   stm32f4instrumentation.o
         6          0         24          0          0     761132   stm32f4touchcontroller.o
       116         18          0         12          0       3850   stm32f4xx_hal.o
       192         14          0          0          0      33820   stm32f4xx_hal_cortex.o
        38          0          0          0          0       1039   stm32f4xx_hal_crc.o
      1150         12          0          0          0       9383   stm32f4xx_hal_dma2d.o
       868        108          0          0          0       4542   stm32f4xx_hal_gpio.o
      1122         20          0          0          0       7187   stm32f4xx_hal_ltdc.o
        56          4          0          0          0        826   stm32f4xx_hal_msp.o
       112         14          0          0          0       1276   stm32f4xx_hal_pwr_ex.o
      1340         96          0          0          0       6245   stm32f4xx_hal_rcc.o
       564         36          0          0          0       1584   stm32f4xx_hal_rcc_ex.o
       148          0          0          0          0       2700   stm32f4xx_hal_sdram.o
      1010         44          0          0          0      10574   stm32f4xx_hal_tim.o
        70          0          0          0          0       2413   stm32f4xx_hal_tim_ex.o
       116         16          0          0         64       1379   stm32f4xx_hal_timebase_tim.o
       782          8          0          0          0       2016   stm32f4xx_hal_uart.o
        56         18          0          0          0       4515   stm32f4xx_it.o
       292          4          0          0          0       3476   stm32f4xx_ll_fmc.o
         0          0          0          0          0        392   stream_buffer.o
        84         18         24          4          0       1143   system_stm32f4xx.o
       112         30         18          4         36       2267   table_verdana_10_4bpp.o
       112         30         18          4         36       2267   table_verdana_20_4bpp.o
       112         30         18          4         36       2267   table_verdana_40_4bpp.o
      2380        178          0         60        240      25444   tasks.o
       108         30          6         40          0      36895   texts.o
        40         10          0          0          0        799   tim.o
         8          0          0          0          0       1636   touchgfx_gpio.o
        40          8         10          0         12       2835   typedtextdatabase.o
       164         22          0          0         64       1766   usart.o

    ----------------------------------------------------------------------
     20866       1564     937860        232      34480    4443845   Object Totals
         0          0         32          0          0          0   (incl. Generated)
        60          0         10          3          0          0   (incl. Padding)

    ----------------------------------------------------------------------

      Code (inc. data)   RO Data    RW Data    ZI Data      Debug   Library Member Name

        36          0          0          0          0         84   aeabi_vec_ctor_nocookie_nodtor.o
        16          0          0          0          0         68   cxa_guard_acquire.o
         8          0          0          0          0         76   delete.o
         6          0          0          0          0         68   pure_virt.o
        58          0          0          0          0          0   __dczerorl.o
        46          0          0          0          0         84   aeabi_atexit.o
         8          4          0          4          0         68   cpp_dtor.o
         2          0          0          0          0         68   cpp_final.o
        32         10          0          0          0         80   cpp_init.o
         2          0          0          0          0         68   cpp_signal.o
        66          0          0          0          0         84   cxa_finalize.o
         0          0          0          0          0          0   entry.o
         0          0          0          0          0          0   entry10a.o
         4          0          0          0          0          0   entry10b.o
         0          0          0          0          0          0   entry11a.o
         8          4          0          0          0          0   entry2.o
         4          0          0          0          0          0   entry5.o
         0          0          0          0          0          0   entry7b.o
         4          0          0          0          0          0   entry8a.o
         0          0          0          0          0          0   entry8b.o
         8          4          0          0          0          0   entry9a.o
        30          0          0          0          0          0   handlers.o
        36          8          0          0          0         68   init.o
        30          0          0          0          0         68   llshl.o
        32          0          0          0          0         68   llushr.o
       188         20          0          0          0        160   malloc.o
        36          0          0          0          0         68   memcpya.o
        36          0          0          0          0        108   memseta.o
         0          0          0          8          0          0   mvars.o
        98          0          0          0          0         92   uldiv.o
        92          0          0          0          0        136   abstractbutton.o
        36          4         20          0          0        480   abstractpainter.o
       328          0         32          0          0        388   abstractpainterrgb565.o
       200          4         52          0          0        472   abstractpartition.o
       754         14        196          0          0       2136   abstractprogressindicator.o
      3356         68         60         20          0       1056   application.o
      3864         74          0         36          0       1392   bitmap.o
       478          8        116          0          0        452   button.o
      2540         32         16          0          0        488   canvas.o
       486         10        132          0          0        724   canvaswidget.o
       204          4          0         32          0        552   canvaswidgetrenderer.o
      3090         12        314          0          0       1076   circle.o
       568          6        252          0          0        888   circleprogress.o
       408         10         84          0          0       1256   constfont.o
      1138          0        144          0          0        856   container.o
       392         22          0          0          0        412   displaytransformation.o
       534         10         36          0          0       1132   dma.o
       700          6          0          0          0        408   drawable.o
         4          0         80          0          0        116   font.o
        28          4          0          4          0        232   fontmanager.o
       348         12          0          0          0        316   gestures.o
      3602        112        192         20          0       2620   hal.o
       408          4        112          0          0        192   image.o
      7298         34         16          0          0       1352   lcd.o
     15748        118         76          0          0       1620   lcd16bpp.o
      4530          4         16          0          0        532   outline.o
      2164         22         32          0          0        648   painterrgb565bitmap.o
        60          0          0          0          0        388   renderingbuffer.o
      1344         24        128          0          0        752   scalableimage.o
       232          6         16          0          0        184   scanline.o
      2160         56        184          0          0       1404   screen.o
       164         28          0          0          0        136   stm32_crc_lock.o
      5456         98       3458          0          0       1228   textprovider.o
      1412          4          0          0          0        304   texturemaptypes.o
       748          4          0          0         76        432   touchcalibration.o
         0          0          0         14          0          0   typedtext.o
       372          0          0          0          0        524   utils.o

    ----------------------------------------------------------------------
     66062        864       5768        140         76      28664   Library Totals
        22          0          4          2          0          0   (incl. Padding)

    ----------------------------------------------------------------------

      Code (inc. data)   RO Data    RW Data    ZI Data      Debug   Library Name

        66          0          0          0          0        296   cpprt_w.l
       728         50          0         12          0       1084   mc_w.l
     65246        814       5764        126         76      27284   touchgfx_core.lib

    ----------------------------------------------------------------------
     66062        864       5768        140         76      28664   Library Totals

    ----------------------------------------------------------------------

==============================================================================


      Code (inc. data)   RO Data    RW Data    ZI Data      Debug   

     86928       2428     943628        372      34556    4430517   Grand Totals
     86928       2428     943628         32      34556    4430517   ELF Image Totals (compressed)
     86928       2428     943628         32          0          0   ROM Totals

==============================================================================

    Total RO  Size (Code + RO Data)              1030556 (1006.40kB)
    Total RW  Size (RW Data + ZI Data)             34928 (  34.11kB)
    Total ROM Size (Code + RO Data + RW Data)    1030588 (1006.43kB)

==============================================================================

